Archive member included to satisfy reference by file (symbol)

app/libapp.a(at_host.c.obj)   (--whole-archive)
app/libapp.a(bt_adv.c.obj)    (--whole-archive)
app/libapp.a(bt_util.c.obj)   (--whole-archive)
app/libapp.a(buttons.c.obj)   (--whole-archive)
app/libapp.a(leds.c.obj)      (--whole-archive)
app/libapp.a(main.c.obj)      (--whole-archive)
app/libapp.a(sensors.c.obj)   (--whole-archive)
app/libapp.a(storage.c.obj)   (--whole-archive)
app/libapp.a(ubx_version.c.obj)
                              (--whole-archive)
zephyr/libzephyr.a(cbprintf_packaged.c.obj)
                              (--whole-archive)
zephyr/libzephyr.a(crc32c_sw.c.obj)
                              (--whole-archive)
zephyr/libzephyr.a(crc32_sw.c.obj)
                              (--whole-archive)
zephyr/libzephyr.a(crc16_sw.c.obj)
                              (--whole-archive)
zephyr/libzephyr.a(crc8_sw.c.obj)
                              (--whole-archive)
zephyr/libzephyr.a(crc7_sw.c.obj)
                              (--whole-archive)
zephyr/libzephyr.a(dec.c.obj)
                              (--whole-archive)
zephyr/libzephyr.a(fdtable.c.obj)
                              (--whole-archive)
zephyr/libzephyr.a(hex.c.obj)
                              (--whole-archive)
zephyr/libzephyr.a(notify.c.obj)
                              (--whole-archive)
zephyr/libzephyr.a(printk.c.obj)
                              (--whole-archive)
zephyr/libzephyr.a(onoff.c.obj)
                              (--whole-archive)
zephyr/libzephyr.a(rb.c.obj)  (--whole-archive)
zephyr/libzephyr.a(sem.c.obj)
                              (--whole-archive)
zephyr/libzephyr.a(thread_entry.c.obj)
                              (--whole-archive)
zephyr/libzephyr.a(timeutil.c.obj)
                              (--whole-archive)
zephyr/libzephyr.a(heap.c.obj)
                              (--whole-archive)
zephyr/libzephyr.a(heap-validate.c.obj)
                              (--whole-archive)
zephyr/libzephyr.a(bitarray.c.obj)
                              (--whole-archive)
zephyr/libzephyr.a(multi_heap.c.obj)
                              (--whole-archive)
zephyr/libzephyr.a(cbprintf_complete.c.obj)
                              (--whole-archive)
zephyr/libzephyr.a(cbprintf.c.obj)
                              (--whole-archive)
zephyr/libzephyr.a(assert.c.obj)
                              (--whole-archive)
zephyr/libzephyr.a(reboot.c.obj)
                              (--whole-archive)
zephyr/libzephyr.a(configs.c.obj)
                              (--whole-archive)
zephyr/libzephyr.a(soc_nrf_common.S.obj)
                              (--whole-archive)
zephyr/libzephyr.a(validate_base_addresses.c.obj)
                              (--whole-archive)
zephyr/libzephyr.a(validate_enabled_instances.c.obj)
                              (--whole-archive)
zephyr/libzephyr.a(nvs.c.obj)
                              (--whole-archive)
zephyr/libzephyr.a(addr_utils.c.obj)
                              (--whole-archive)
zephyr/libzephyr.a(flash_map.c.obj)
                              (--whole-archive)
zephyr/libzephyr.a(flash_map_default.c.obj)
                              (--whole-archive)
zephyr/libzephyr.a(flash_map_layout.c.obj)
                              (--whole-archive)
zephyr/libzephyr.a(pm.c.obj)  (--whole-archive)
zephyr/libzephyr.a(policy.c.obj)
                              (--whole-archive)
zephyr/libzephyr.a(state.c.obj)
                              (--whole-archive)
zephyr/libzephyr.a(device.c.obj)
                              (--whole-archive)
zephyr/libzephyr.a(device_runtime.c.obj)
                              (--whole-archive)
zephyr/libzephyr.a(tracing_none.c.obj)
                              (--whole-archive)
zephyr/libzephyr.a(nus.c.obj)
                              (--whole-archive)
zephyr/libzephyr.a(lis2dw12_reg.c.obj)
                              (--whole-archive)
zephyr/libzephyr.a(utils.c.obj)
                              (--whole-archive)
zephyr/libzephyr.a(aes_decrypt.c.obj)
                              (--whole-archive)
zephyr/libzephyr.a(aes_encrypt.c.obj)
                              (--whole-archive)
zephyr/libzephyr.a(cmac_mode.c.obj)
                              (--whole-archive)
zephyr/arch/common/libarch__common.a(sw_isr_common.c.obj)
                              (--whole-archive)
zephyr/arch/arch/arm/core/aarch32/libarch__arm__core__aarch32.a(cpu_idle.S.obj)
                              (--whole-archive)
zephyr/arch/arch/arm/core/aarch32/libarch__arm__core__aarch32.a(fatal.c.obj)
                              (--whole-archive)
zephyr/arch/arch/arm/core/aarch32/libarch__arm__core__aarch32.a(irq_manage.c.obj)
                              (--whole-archive)
zephyr/arch/arch/arm/core/aarch32/libarch__arm__core__aarch32.a(nmi.c.obj)
                              (--whole-archive)
zephyr/arch/arch/arm/core/aarch32/libarch__arm__core__aarch32.a(nmi_on_reset.S.obj)
                              (--whole-archive)
[...]
Memory Configuration

Name             Origin             Length             Attributes
FLASH            0x0000000000001000 0x0000000000080000 xr
SRAM             0x0000000020000000 0x0000000000020000 xw
IDT_LIST         0x00000000fffff7ff 0x0000000000000800 xw
*default*        0x0000000000000000 0xffffffffffffffff

Linker script and memory map

LOAD zephyr/CMakeFiles/zephyr_final.dir/misc/empty_file.c.obj
LOAD zephyr/CMakeFiles/zephyr_final.dir/dev_handles.c.obj
LOAD zephyr/CMakeFiles/zephyr_final.dir/isr_tables.c.obj
                0x0000000000000020                _region_min_align = 0x20

.rel.plt        0x0000000000001000        0x0
 *(SORT_BY_ALIGNMENT(.rel.plt))
                [!provide]                        PROVIDE (__rel_iplt_start = .)
 *(SORT_BY_ALIGNMENT(.rel.iplt))
 .rel.iplt      0x0000000000001000        0x0 zephyr/CMakeFiles/zephyr_final.dir/isr_tables.c.obj
                [!provide]                        PROVIDE (__rel_iplt_end = .)

.rela.plt       0x0000000000000000        0x0
 *(SORT_BY_ALIGNMENT(.rela.plt))
                [!provide]                        PROVIDE (__rela_iplt_start = .)
 *(SORT_BY_ALIGNMENT(.rela.iplt))
                [!provide]                        PROVIDE (__rela_iplt_end = .)

.rel.dyn
 *(SORT_BY_ALIGNMENT(.rel.*))

.rela.dyn
 *(SORT_BY_ALIGNMENT(.rela.*))

/DISCARD/
 *(SORT_BY_ALIGNMENT(.plt))
 *(SORT_BY_ALIGNMENT(.iplt))
 *(SORT_BY_ALIGNMENT(.got.plt))
 *(SORT_BY_ALIGNMENT(.igot.plt))
 *(SORT_BY_ALIGNMENT(.got))
 *(SORT_BY_ALIGNMENT(.igot))
 *(SORT_BY_ALIGNMENT(.irq_info*))
 *(SORT_BY_ALIGNMENT(.intList*))
 *(SORT_BY_ALIGNMENT(.note.GNU-stack))
                0x0000000000001000                __rom_region_start = 0x1000

rom_start       0x0000000000001000      0x100
                0x0000000000000000                . = 0x0
                0x0000000000000000                . = ALIGN (0x4)
                0x0000000000000000                . = ALIGN (0x80)
                0x0000000000000000                . = ALIGN (0x100)
                0x0000000000001000                _vector_start = .
 *(SORT_BY_ALIGNMENT(.exc_vector_table))
 *(SORT_BY_ALIGNMENT(.exc_vector_table.*))
 .exc_vector_table._vector_table_section
                0x0000000000001000       0x40 zephyr/arch/arch/arm/core/aarch32/cortex_m/libarch__arm__core__aarch32__cortex_m.a(vector_table.S.obj)
                0x0000000000001000                _vector_table
 *(SORT_BY_ALIGNMENT(.vectors))
                0x0000000000001100                _vector_end = .
                0x0000000000001040                . = ALIGN (0x4)
 *(SORT_BY_ALIGNMENT(.gnu.linkonce.irq_vector_table*))
 .gnu.linkonce.irq_vector_table
                0x0000000000001040       0xc0 zephyr/CMakeFiles/zephyr_final.dir/isr_tables.c.obj
                0x0000000000001040                _irq_vector_table
                0x0000000000001100                _vector_end = .

text            0x0000000000001100    0x2fc7c
                0x0000000000001100                __text_region_start = .
 *(SORT_BY_ALIGNMENT(.text))
 .text          0x0000000000001100      0x378 c:/u-blox/ncs/toolchains/v2.1.0/opt/zephyr-sdk/arm-zephyr-eabi/bin/../lib/gcc/arm-zephyr-eabi/10.3.0/thumb/v7e-m/nofp\libgcc.a(_arm_addsubdf3.o)
                0x0000000000001100                __aeabi_drsub
                0x0000000000001108                __aeabi_dsub
                0x0000000000001108                __subdf3
                0x000000000000110c                __aeabi_dadd
                0x000000000000110c                __adddf3
                0x0000000000001384                __floatunsidf
                0x0000000000001384                __aeabi_ui2d
                0x00000000000013a4                __floatsidf
                0x00000000000013a4                __aeabi_i2d
                0x00000000000013c8                __aeabi_f2d
                0x00000000000013c8                __extendsfdf2
                0x000000000000140c                __floatundidf
                0x000000000000140c                __aeabi_ul2d
                0x000000000000141c                __floatdidf
                0x000000000000141c                __aeabi_l2d
 .text          0x0000000000001478      0x424 c:/u-blox/ncs/toolchains/v2.1.0/opt/zephyr-sdk/arm-zephyr-eabi/bin/../lib/gcc/arm-zephyr-eabi/10.3.0/thumb/v7e-m/nofp\libgcc.a(_arm_muldivdf3.o)
                0x0000000000001478                __aeabi_dmul
                0x0000000000001478                __muldf3
                0x00000000000016cc                __divdf3
                0x00000000000016cc                __aeabi_ddiv
 .text          0x000000000000189c       0x50 c:/u-blox/ncs/toolchains/v2.1.0/opt/zephyr-sdk/arm-zephyr-eabi/bin/../lib/gcc/arm-zephyr-eabi/10.3.0/thumb/v7e-m/nofp\libgcc.a(_arm_fixdfsi.o)
                0x000000000000189c                __aeabi_d2iz
                0x000000000000189c                __fixdfsi
 .text          0x00000000000018ec       0x40 c:/u-blox/ncs/toolchains/v2.1.0/opt/zephyr-sdk/arm-zephyr-eabi/bin/../lib/gcc/arm-zephyr-eabi/10.3.0/thumb/v7e-m/nofp\libgcc.a(_arm_fixunsdfsi.o)
                0x00000000000018ec                __aeabi_d2uiz
                0x00000000000018ec                __fixunsdfsi
 .text          0x000000000000192c      0x21c c:/u-blox/ncs/toolchains/v2.1.0/opt/zephyr-sdk/arm-zephyr-eabi/bin/../lib/gcc/arm-zephyr-eabi/10.3.0/thumb/v7e-m/nofp\libgcc.a(_arm_addsubsf3.o)
                0x000000000000192c                __aeabi_frsub
                0x0000000000001934                __subsf3
                0x0000000000001934                __aeabi_fsub
                0x0000000000001938                __aeabi_fadd
                0x0000000000001938                __addsf3
                0x0000000000001a98                __aeabi_ui2f
                0x0000000000001a98                __floatunsisf
                0x0000000000001aa0                __aeabi_i2f
                0x0000000000001aa0                __floatsisf
                0x0000000000001abc                __aeabi_ul2f
                0x0000000000001abc                __floatundisf
                0x0000000000001acc                __aeabi_l2f
                0x0000000000001acc                __floatdisf
 .text          0x0000000000001b48      0x2a0 c:/u-blox/ncs/toolchains/v2.1.0/opt/zephyr-sdk/arm-zephyr-eabi/bin/../lib/gcc/arm-zephyr-eabi/10.3.0/thumb/v7e-m/nofp\libgcc.a(_arm_muldivsf3.o)
                0x0000000000001b48                __mulsf3
                0x0000000000001b48                __aeabi_fmul
                0x0000000000001cb0                __aeabi_fdiv
                0x0000000000001cb0                __divsf3
 .text          0x0000000000001de8       0xec c:/u-blox/ncs/toolchains/v2.1.0/opt/zephyr-sdk/arm-zephyr-eabi/bin/../lib/gcc/arm-zephyr-eabi/10.3.0/thumb/v7e-m/nofp\libgcc.a(_arm_cmpsf2.o)
                0x0000000000001de8                __gesf2
                0x0000000000001de8                __gtsf2
                0x0000000000001df0                __lesf2
                0x0000000000001df0                __ltsf2
                0x0000000000001df8                __nesf2
                0x0000000000001df8                __eqsf2
                0x0000000000001df8                __cmpsf2
                0x0000000000001e58                __aeabi_cfrcmple
                0x0000000000001e60                __aeabi_cfcmpeq
                0x0000000000001e60                __aeabi_cfcmple
                0x0000000000001e70                __aeabi_fcmpeq
                0x0000000000001e84                __aeabi_fcmplt
                0x0000000000001e98                __aeabi_fcmple
                0x0000000000001eac                __aeabi_fcmpge
                0x0000000000001ec0                __aeabi_fcmpgt
 .text          0x0000000000001ed4       0xa0 c:/u-blox/ncs/toolchains/v2.1.0/opt/zephyr-sdk/arm-zephyr-eabi/bin/../lib/gcc/arm-zephyr-eabi/10.3.0/thumb/v7e-m/nofp\libgcc.a(_aeabi_ldivmod.o)
                0x0000000000001ed4                __aeabi_ldivmod
 .text          0x0000000000001f74       0x30 c:/u-blox/ncs/toolchains/v2.1.0/opt/zephyr-sdk/arm-zephyr-eabi/bin/../lib/gcc/arm-zephyr-eabi/10.3.0/thumb/v7e-m/nofp\libgcc.a(_aeabi_uldivmod.o)
                0x0000000000001f74                __aeabi_uldivmod
 .text          0x0000000000001fa4       0x40 c:/u-blox/ncs/toolchains/v2.1.0/opt/zephyr-sdk/arm-zephyr-eabi/bin/../lib/gcc/arm-zephyr-eabi/10.3.0/thumb/v7e-m/nofp\libgcc.a(_fixunssfdi.o)
                0x0000000000001fa4                __fixunssfdi
                0x0000000000001fa4                __aeabi_f2ulz
 .text          0x0000000000001fe4        0x4 c:/u-blox/ncs/toolchains/v2.1.0/opt/zephyr-sdk/arm-zephyr-eabi/bin/../lib/gcc/arm-zephyr-eabi/10.3.0/thumb/v7e-m/nofp\libgcc.a(_dvmd_tls.o)
                0x0000000000001fe4                __aeabi_idiv0
                0x0000000000001fe4                __aeabi_ldiv0
 .text          0x0000000000001fe8       0x26 c:/u-blox/ncs/toolchains/v2.1.0/opt/zephyr-sdk/arm-zephyr-eabi/bin/../lib/gcc/arm-zephyr-eabi/10.3.0/thumb/v7e-m/nofp\libgcc.a(_fixsfdi.o)
                0x0000000000001fe8                __fixsfdi
                0x0000000000001fe8                __aeabi_f2lz
 .text          0x000000000000200e      0x2a6 c:/u-blox/ncs/toolchains/v2.1.0/opt/zephyr-sdk/arm-zephyr-eabi/bin/../lib/gcc/arm-zephyr-eabi/10.3.0/thumb/v7e-m/nofp\libgcc.a(_udivmoddi4.o)
                0x000000000000200e                __udivmoddi4
 *(SORT_BY_ALIGNMENT(.text.*))
 *fill*         0x00000000000022b4        0x4 
 .text.sensorsGetLis2dw12
                0x00000000000022b8       0xf8 app/libapp.a(sensors.c.obj)
                0x00000000000022b8                sensorsGetLis2dw12
 .text.ll_feat_get
                0x00000000000023b0       0x10 zephyr/subsys/bluetooth/controller/libsubsys__bluetooth__controller.a(ll_feat.c.obj)
                0x00000000000023b0                ll_feat_get
 .text.ull_drift_ticks_get
                0x00000000000023c0       0x8c zephyr/subsys/bluetooth/controller/libsubsys__bluetooth__controller.a(ull.c.obj)
                0x00000000000023c0                ull_drift_ticks_get
 *fill*         0x000000000000244c        0x4 
 .text.ticker_cb
                0x0000000000002450      0x198 zephyr/subsys/bluetooth/controller/libsubsys__bluetooth__controller.a(ull_adv.c.obj)
 .text.ll_adv_enable
                0x00000000000025e8      0x784 zephyr/subsys/bluetooth/controller/libsubsys__bluetooth__controller.a(ull_adv.c.obj)
                0x00000000000025e8                ll_adv_enable
 *fill*         0x0000000000002d6c        0x4 
 .text.ull_adv_done
                0x0000000000002d70      0x114 zephyr/subsys/bluetooth/controller/libsubsys__bluetooth__controller.a(ull_adv.c.obj)
                0x0000000000002d70                ull_adv_done
 *fill*         0x0000000000002e84        0x4 
 .text.ull_adv_time_update
                0x0000000000002e88       0xc0 zephyr/subsys/bluetooth/controller/libsubsys__bluetooth__controller.a(ull_adv.c.obj)
                0x0000000000002e88                ull_adv_time_update
 .text.ull_adv_aux_start
                0x0000000000002f48       0xb8 zephyr/subsys/bluetooth/controller/libsubsys__bluetooth__controller.a(ull_adv_aux.c.obj)
                0x0000000000002f48                ull_adv_aux_start
 .text.ull_adv_aux_evt_init
                0x0000000000003000       0x84 zephyr/subsys/bluetooth/controller/libsubsys__bluetooth__controller.a(ull_adv_aux.c.obj)
                0x0000000000003000                ull_adv_aux_evt_init
 *fill*         0x0000000000003084        0x4 
 .text.ull_adv_aux_lll_offset_fill
                0x0000000000003088       0xac zephyr/subsys/bluetooth/controller/libsubsys__bluetooth__controller.a(ull_adv_aux.c.obj)
                0x0000000000003088                ull_adv_aux_lll_offset_fill
 *fill*         0x0000000000003134        0x4 
 .text.ull_adv_aux_hdr_set_clear
                0x0000000000003138      0x82c zephyr/subsys/bluetooth/controller/libsubsys__bluetooth__controller.a(ull_adv_aux.c.obj)
                0x0000000000003138                ull_adv_aux_hdr_set_clear
 *fill*         0x0000000000003964        0x4 
 .text.mfy_sync_offset_get
                0x0000000000003968      0x298 zephyr/subsys/bluetooth/controller/libsubsys__bluetooth__controller.a(ull_adv_sync.c.obj)
 .text.ull_adv_sync_start
                0x0000000000003c00       0xe0 zephyr/subsys/bluetooth/controller/libsubsys__bluetooth__controller.a(ull_adv_sync.c.obj)
                0x0000000000003c00                ull_adv_sync_start
 .text.ull_adv_sync_time_update
                0x0000000000003ce0       0x94 zephyr/subsys/bluetooth/controller/libsubsys__bluetooth__controller.a(ull_adv_sync.c.obj)
                0x0000000000003ce0                ull_adv_sync_time_update
 *fill*         0x0000000000003d74        0x4 
 .text.ull_conn_update_parameters
                0x0000000000003d78      0x304 zephyr/subsys/bluetooth/controller/libsubsys__bluetooth__controller.a(ull_conn.c.obj)
                0x0000000000003d78                ull_conn_update_parameters
 *fill*         0x000000000000407c        0x4 
 .text.ull_llcp_init
                0x0000000000004080       0x78 zephyr/subsys/bluetooth/controller/libsubsys__bluetooth__controller.a(ull_llcp.c.obj)
                0x0000000000004080                ull_llcp_init
 .text.ull_periph_setup
                0x00000000000040f8      0x550 zephyr/subsys/bluetooth/controller/libsubsys__bluetooth__controller.a(ull_peripheral.c.obj)
                0x00000000000040f8                ull_periph_setup
 .text.ull_hdr_get_cb
                0x0000000000004648       0x8c zephyr/subsys/bluetooth/controller/libsubsys__bluetooth__controller.a(ull_sched.c.obj)
 *fill*         0x00000000000046d4        0x4 
 .text.ull_sched_adv_aux_sync_free_slot_get
                0x00000000000046d8       0x8c zephyr/subsys/bluetooth/controller/libsubsys__bluetooth__controller.a(ull_sched.c.obj)
                0x00000000000046d8                ull_sched_adv_aux_sync_free_slot_get
 *fill*         0x0000000000004764        0x4 
 .text.lis2dw12_attr_set
                0x0000000000004768       0xd8 zephyr/drivers/sensor/lis2dw12/libdrivers__sensor__lis2dw12.a(lis2dw12.c.obj)
 .text.nrf_flash_sync_exe
                0x0000000000004840      0x130 zephyr/drivers/flash/libdrivers__flash.a(soc_flash_nrf_ticker.c.obj)
                0x0000000000004840                nrf_flash_sync_exe
 .text.nrf_flash_sync_check_time_limit
                0x0000000000004970       0x48 zephyr/drivers/flash/libdrivers__flash.a(soc_flash_nrf_ticker.c.obj)
                0x0000000000004970                nrf_flash_sync_check_time_limit
 .text.disableAtUartModeTimerCallback
                0x00000000000049b8        0xc app/libapp.a(at_host.c.obj)
 .text.uartCallback
                0x00000000000049c4       0xdc app/libapp.a(at_host.c.obj)
 .text.sendString
                0x0000000000004aa0       0x2c app/libapp.a(at_host.c.obj)
 .text.disableAtUartMode
                0x0000000000004acc       0x28 app/libapp.a(at_host.c.obj)
                0x0000000000004acc                disableAtUartMode
 .text.restartUartRxAfterError
                0x0000000000004af4       0x38 app/libapp.a(at_host.c.obj)
                0x0000000000004af4                restartUartRxAfterError
 .text.atHostStart
                0x0000000000004b2c      0x160 app/libapp.a(at_host.c.obj)
                0x0000000000004b2c                atHostStart
 .text.atHostHandleCommand
                0x0000000000004c8c      0x3cc app/libapp.a(at_host.c.obj)
                0x0000000000004c8c                atHostHandleCommand
 .text.doCommandWork
                0x0000000000005058       0x78 app/libapp.a(at_host.c.obj)
 .text.btAdvStop.part.0
                0x00000000000050d0       0x70 app/libapp.a(bt_adv.c.obj)
 .text.btAdvInit
                0x0000000000005140      0x100 app/libapp.a(bt_adv.c.obj)
                0x0000000000005140                btAdvInit
 .text.btAdvStart
                0x0000000000005240       0x34 app/libapp.a(bt_adv.c.obj)
                0x0000000000005240                btAdvStart
 .text.btAdvStop
                0x0000000000005274       0x10 app/libapp.a(bt_adv.c.obj)
                0x0000000000005274                btAdvStop
 .text.btAdvUpdateAdvInterval
                0x0000000000005284       0x80 app/libapp.a(bt_adv.c.obj)
                0x0000000000005284                btAdvUpdateAdvInterval
 .text.btAdvSetPerAdvData
                0x0000000000005304       0x18 app/libapp.a(bt_adv.c.obj)
                0x0000000000005304                btAdvSetPerAdvData
 .text.utilGetBtAddr
                0x000000000000531c       0x84 app/libapp.a(bt_util.c.obj)
                0x000000000000531c                utilGetBtAddr
 .text.utilToupper
                0x00000000000053a0       0x28 app/libapp.a(bt_util.c.obj)
                0x00000000000053a0                utilToupper
 .text.buttonPressedIsr
                0x00000000000053c8       0x70 app/libapp.a(buttons.c.obj)
 .text.handleButtonThread
                0x0000000000005438      0x1c4 app/libapp.a(buttons.c.obj)
 .text.buttonsInit
                0x00000000000055fc       0xf8 app/libapp.a(buttons.c.obj)
                0x00000000000055fc                buttonsInit
 .text.ledsInit
                0x00000000000056f4      0x180 app/libapp.a(leds.c.obj)
                0x00000000000056f4                ledsInit
 .text.ledsSetState
                0x0000000000005874      0x144 app/libapp.a(leds.c.obj)
                0x0000000000005874                ledsSetState
 .text.nus_send_data
                0x00000000000059b8       0x20 app/libapp.a(main.c.obj)
 .text.onButtonPressCb
                0x00000000000059d8       0x84 app/libapp.a(main.c.obj)
 .text.btReadyCb
                0x0000000000005a5c       0xdc app/libapp.a(main.c.obj)
 .text.connected
                0x0000000000005b38       0xa0 app/libapp.a(main.c.obj)
 .text.blink    0x0000000000005bd8      0x138 app/libapp.a(main.c.obj)
 .text.disconnected
                0x0000000000005d10       0x98 app/libapp.a(main.c.obj)
 .text.bt_receive_cb
                0x0000000000005da8       0xb0 app/libapp.a(main.c.obj)
 .text.main     0x0000000000005e58       0xdc app/libapp.a(main.c.obj)
                0x0000000000005e58                main
 .text.sensorsInit
                0x0000000000005f34       0x64 app/libapp.a(sensors.c.obj)
                0x0000000000005f34                sensorsInit
 .text.sensorsGetBme280Data
                0x0000000000005f98       0x84 app/libapp.a(sensors.c.obj)
                0x0000000000005f98                sensorsGetBme280Data
 .text.sensorsDetectApds
                0x000000000000601c       0x64 app/libapp.a(sensors.c.obj)
                0x000000000000601c                sensorsDetectApds
 .text.storageInit
                0x0000000000006080       0x70 app/libapp.a(storage.c.obj)
                0x0000000000006080                storageInit
 .text.storageWriteTxPower
                0x00000000000060f0       0x54 app/libapp.a(storage.c.obj)
                0x00000000000060f0                storageWriteTxPower
 .text.storageGetTxPower
                0x0000000000006144       0x20 app/libapp.a(storage.c.obj)
                0x0000000000006144                storageGetTxPower
 .text.crc8_ccitt
                0x0000000000006164       0x38 zephyr/libzephyr.a(crc8_sw.c.obj)
                0x0000000000006164                crc8_ccitt
 .text.bin2hex  0x000000000000619c       0x54 zephyr/libzephyr.a(hex.c.obj)
                0x000000000000619c                bin2hex
 .text.sys_notify_validate
                0x00000000000061f0       0x28 zephyr/libzephyr.a(notify.c.obj)
                0x00000000000061f0                sys_notify_validate
 .text.sys_notify_finalize
                0x0000000000006218       0x58 zephyr/libzephyr.a(notify.c.obj)
                0x0000000000006218                sys_notify_finalize
 .text.arch_printk_char_out
                0x0000000000006270        0x4 zephyr/libzephyr.a(printk.c.obj)
                0x0000000000006270                arch_printk_char_out
 .text.char_out
                0x0000000000006274        0xc zephyr/libzephyr.a(printk.c.obj)
 .text.str_out  0x0000000000006280       0x2c zephyr/libzephyr.a(printk.c.obj)
 .text.vprintk  0x00000000000062ac       0x1c zephyr/libzephyr.a(printk.c.obj)
                0x00000000000062ac                vprintk
 .text.printk   0x00000000000062c8       0x28 zephyr/libzephyr.a(printk.c.obj)
                0x00000000000062c8                printk
 .text.snprintk
                0x00000000000062f0       0x3c zephyr/libzephyr.a(printk.c.obj)
                0x00000000000062f0                snprintk
 .text.process_event
                0x000000000000632c      0x4b4 zephyr/libzephyr.a(onoff.c.obj)
 .text.transition_complete
                0x00000000000067e0       0x68 zephyr/libzephyr.a(onoff.c.obj)
 .text.onoff_manager_init
                0x0000000000006848       0x2c zephyr/libzephyr.a(onoff.c.obj)
                0x0000000000006848                onoff_manager_init
 .text.onoff_request
                0x0000000000006874      0x194 zephyr/libzephyr.a(onoff.c.obj)
                0x0000000000006874                onoff_request
 .text.onoff_release
                0x0000000000006a08       0xfc zephyr/libzephyr.a(onoff.c.obj)
                0x0000000000006a08                onoff_release
 .text.z_thread_entry
                0x0000000000006b04       0x18 zephyr/libzephyr.a(thread_entry.c.obj)
                0x0000000000006b04                z_thread_entry
 .text.split_chunks
                0x0000000000006b1c       0x30 zephyr/libzephyr.a(heap.c.obj)
 .text.merge_chunks
                0x0000000000006b4c       0x34 zephyr/libzephyr.a(heap.c.obj)
 .text.free_list_add
                0x0000000000006b80       0x58 zephyr/libzephyr.a(heap.c.obj)
 .text.free_list_remove_bidx
                0x0000000000006bd8       0x3c zephyr/libzephyr.a(heap.c.obj)
 .text.alloc_chunk
                0x0000000000006c14       0x64 zephyr/libzephyr.a(heap.c.obj)
 .text.free_chunk
                0x0000000000006c78       0x80 zephyr/libzephyr.a(heap.c.obj)
 .text.sys_heap_free
                0x0000000000006cf8       0xa4 zephyr/libzephyr.a(heap.c.obj)
                0x0000000000006cf8                sys_heap_free
 .text.sys_heap_alloc
                0x0000000000006d9c       0x50 zephyr/libzephyr.a(heap.c.obj)
                0x0000000000006d9c                sys_heap_alloc
 .text.sys_heap_aligned_alloc
                0x0000000000006dec      0x11c zephyr/libzephyr.a(heap.c.obj)
                0x0000000000006dec                sys_heap_aligned_alloc
 .text.sys_heap_init
                0x0000000000006f08      0x134 zephyr/libzephyr.a(heap.c.obj)
                0x0000000000006f08                sys_heap_init
 .text.z_cbvprintf_impl
                0x000000000000703c      0xab4 zephyr/libzephyr.a(cbprintf_complete.c.obj)
                0x000000000000703c                z_cbvprintf_impl
 .text.assert_post_action
                0x0000000000007af0       0x10 zephyr/libzephyr.a(assert.c.obj)
                0x0000000000007af0                assert_post_action
 .text.assert_print
                0x0000000000007b00       0x1c zephyr/libzephyr.a(assert.c.obj)
                0x0000000000007b00                assert_print
 .text.sys_reboot
                0x0000000000007b1c       0x28 zephyr/libzephyr.a(reboot.c.obj)
                0x0000000000007b1c                sys_reboot
 .text._ConfigAbsSyms
                0x0000000000007b44        0x4 zephyr/libzephyr.a(configs.c.obj)
                0x0000000000007b44                _ConfigAbsSyms
 .text.z_arm_platform_init
                0x0000000000007b48        0x4 zephyr/libzephyr.a(soc_nrf_common.S.obj)
                0x0000000000007b48                z_arm_platform_init
 .text.nvs_ate_valid
                0x0000000000007b4c       0x40 zephyr/libzephyr.a(nvs.c.obj)
 .text.nvs_flash_al_wrt.part.0
                0x0000000000007b8c       0x7c zephyr/libzephyr.a(nvs.c.obj)
 .text.nvs_close_ate_valid
                0x0000000000007c08       0x48 zephyr/libzephyr.a(nvs.c.obj)
 .text.nvs_flash_block_cmp
                0x0000000000007c50       0x7c zephyr/libzephyr.a(nvs.c.obj)
 .text.nvs_flash_cmp_const
                0x0000000000007ccc       0x50 zephyr/libzephyr.a(nvs.c.obj)
 .text.nvs_flash_erase_sector
                0x0000000000007d1c       0x34 zephyr/libzephyr.a(nvs.c.obj)
 .text.nvs_recover_last_ate
                0x0000000000007d50       0x90 zephyr/libzephyr.a(nvs.c.obj)
 .text.nvs_prev_ate
                0x0000000000007de0       0xc4 zephyr/libzephyr.a(nvs.c.obj)
 .text.nvs_gc   0x0000000000007ea4      0x298 zephyr/libzephyr.a(nvs.c.obj)
 .text.nvs_mount
                0x000000000000813c      0x408 zephyr/libzephyr.a(nvs.c.obj)
                0x000000000000813c                nvs_mount
 .text.nvs_write
                0x0000000000008544      0x258 zephyr/libzephyr.a(nvs.c.obj)
                0x0000000000008544                nvs_write
 .text.nvs_read_hist
                0x000000000000879c       0xc8 zephyr/libzephyr.a(nvs.c.obj)
                0x000000000000879c                nvs_read_hist
 .text.nvs_read
                0x0000000000008864       0x10 zephyr/libzephyr.a(nvs.c.obj)
                0x0000000000008864                nvs_read
 .text.pm_system_resume
                0x0000000000008874      0x134 zephyr/libzephyr.a(pm.c.obj)
                0x0000000000008874                pm_system_resume
 .text.pm_system_suspend
                0x00000000000089a8      0x214 zephyr/libzephyr.a(pm.c.obj)
                0x00000000000089a8                pm_system_suspend
 .text.pm_policy_next_state
                0x0000000000008bbc       0x9c zephyr/libzephyr.a(policy.c.obj)
                0x0000000000008bbc                pm_policy_next_state
 .text.pm_state_cpu_get_all
                0x0000000000008c58       0x10 zephyr/libzephyr.a(state.c.obj)
                0x0000000000008c58                pm_state_cpu_get_all
 .text.pm_device_action_run
                0x0000000000008c68       0xc0 zephyr/libzephyr.a(device.c.obj)
                0x0000000000008c68                pm_device_action_run
 .text.pm_device_state_get
                0x0000000000008d28       0x14 zephyr/libzephyr.a(device.c.obj)
                0x0000000000008d28                pm_device_state_get
 .text.nus_ccc_cfg_changed
                0x0000000000008d3c       0x14 zephyr/libzephyr.a(nus.c.obj)
 .text.on_receive
                0x0000000000008d50       0x18 zephyr/libzephyr.a(nus.c.obj)
 .text.on_sent  0x0000000000008d68       0x10 zephyr/libzephyr.a(nus.c.obj)
 .text.bt_nus_init
                0x0000000000008d78       0x20 zephyr/libzephyr.a(nus.c.obj)
                0x0000000000008d78                bt_nus_init
 .text.bt_nus_send
                0x0000000000008d98       0x4c zephyr/libzephyr.a(nus.c.obj)
                0x0000000000008d98                bt_nus_send
 .text.lis2dw12_read_reg
                0x0000000000008de4        0xc zephyr/libzephyr.a(lis2dw12_reg.c.obj)
                0x0000000000008de4                lis2dw12_read_reg
 .text.lis2dw12_write_reg
                0x0000000000008df0        0xc zephyr/libzephyr.a(lis2dw12_reg.c.obj)
                0x0000000000008df0                lis2dw12_write_reg
 .text.lis2dw12_data_rate_set
                0x0000000000008dfc       0x5c zephyr/libzephyr.a(lis2dw12_reg.c.obj)
                0x0000000000008dfc                lis2dw12_data_rate_set
 .text.lis2dw12_block_data_update_set
                0x0000000000008e58       0x34 zephyr/libzephyr.a(lis2dw12_reg.c.obj)
                0x0000000000008e58                lis2dw12_block_data_update_set
 .text.lis2dw12_full_scale_set
                0x0000000000008e8c       0x34 zephyr/libzephyr.a(lis2dw12_reg.c.obj)
                0x0000000000008e8c                lis2dw12_full_scale_set
 .text.lis2dw12_acceleration_raw_get
                0x0000000000008ec0       0x40 zephyr/libzephyr.a(lis2dw12_reg.c.obj)
                0x0000000000008ec0                lis2dw12_acceleration_raw_get
 .text.lis2dw12_device_id_get
                0x0000000000008f00       0x14 zephyr/libzephyr.a(lis2dw12_reg.c.obj)
                0x0000000000008f00                lis2dw12_device_id_get
 .text.lis2dw12_reset_set
                0x0000000000008f14       0x34 zephyr/libzephyr.a(lis2dw12_reg.c.obj)
                0x0000000000008f14                lis2dw12_reset_set
 .text.lis2dw12_filter_path_set
                0x0000000000008f48       0x5c zephyr/libzephyr.a(lis2dw12_reg.c.obj)
                0x0000000000008f48                lis2dw12_filter_path_set
 .text.lis2dw12_filter_bandwidth_set
                0x0000000000008fa4       0x34 zephyr/libzephyr.a(lis2dw12_reg.c.obj)
                0x0000000000008fa4                lis2dw12_filter_bandwidth_set
 .text.lis2dw12_reference_mode_set
                0x0000000000008fd8       0x34 zephyr/libzephyr.a(lis2dw12_reg.c.obj)
                0x0000000000008fd8                lis2dw12_reference_mode_set
 .text.lis2dw12_pin_polarity_set
                0x000000000000900c       0x34 zephyr/libzephyr.a(lis2dw12_reg.c.obj)
                0x000000000000900c                lis2dw12_pin_polarity_set
 .text.lis2dw12_pin_mode_set
                0x0000000000009040       0x34 zephyr/libzephyr.a(lis2dw12_reg.c.obj)
                0x0000000000009040                lis2dw12_pin_mode_set
 .text._copy    0x0000000000009074       0x1c zephyr/libzephyr.a(utils.c.obj)
                0x0000000000009074                _copy
 .text._set     0x0000000000009090        0x4 zephyr/libzephyr.a(utils.c.obj)
                0x0000000000009090                _set
 .text._double_byte
                0x0000000000009094       0x14 zephyr/libzephyr.a(utils.c.obj)
                0x0000000000009094                _double_byte
 .text.tc_aes128_set_encrypt_key
                0x00000000000090a8       0xc4 zephyr/libzephyr.a(aes_encrypt.c.obj)
                0x00000000000090a8                tc_aes128_set_encrypt_key
 .text.tc_aes_encrypt
                0x000000000000916c      0x710 zephyr/libzephyr.a(aes_encrypt.c.obj)
                0x000000000000916c                tc_aes_encrypt
 .text.tc_cmac_setup
                0x000000000000987c       0xd4 zephyr/libzephyr.a(cmac_mode.c.obj)
                0x000000000000987c                tc_cmac_setup
 .text.tc_cmac_update
                0x0000000000009950       0xe4 zephyr/libzephyr.a(cmac_mode.c.obj)
                0x0000000000009950                tc_cmac_update
 .text.tc_cmac_final
                0x0000000000009a34       0x74 zephyr/libzephyr.a(cmac_mode.c.obj)
                0x0000000000009a34                tc_cmac_final
 .text.z_arm_cpu_idle_init
                0x0000000000009aa8        0xc zephyr/arch/arch/arm/core/aarch32/libarch__arm__core__aarch32.a(cpu_idle.S.obj)
                0x0000000000009aa8                z_arm_cpu_idle_init
 .text.arch_cpu_idle
                0x0000000000009ab4       0x1c zephyr/arch/arch/arm/core/aarch32/libarch__arm__core__aarch32.a(cpu_idle.S.obj)
                0x0000000000009ab4                arch_cpu_idle
 .text.arch_cpu_atomic_idle
                0x0000000000009ad0       0x14 zephyr/arch/arch/arm/core/aarch32/libarch__arm__core__aarch32.a(cpu_idle.S.obj)
                0x0000000000009ad0                arch_cpu_atomic_idle
 .text.z_arm_fatal_error
                0x0000000000009ae4        0x4 zephyr/arch/arch/arm/core/aarch32/libarch__arm__core__aarch32.a(fatal.c.obj)
                0x0000000000009ae4                z_arm_fatal_error
 .text.z_do_kernel_oops
                0x0000000000009ae8        0x8 zephyr/arch/arch/arm/core/aarch32/libarch__arm__core__aarch32.a(fatal.c.obj)
                0x0000000000009ae8                z_do_kernel_oops
 .text.arch_irq_enable
                0x0000000000009af0       0x20 zephyr/arch/arch/arm/core/aarch32/libarch__arm__core__aarch32.a(irq_manage.c.obj)
                0x0000000000009af0                arch_irq_enable
 .text.arch_irq_disable
                0x0000000000009b10       0x28 zephyr/arch/arch/arm/core/aarch32/libarch__arm__core__aarch32.a(irq_manage.c.obj)
                0x0000000000009b10                arch_irq_disable
 .text.arch_irq_is_enabled
                0x0000000000009b38       0x1c zephyr/arch/arch/arm/core/aarch32/libarch__arm__core__aarch32.a(irq_manage.c.obj)
                0x0000000000009b38                arch_irq_is_enabled
 .text.z_arm_irq_priority_set
                0x0000000000009b54       0x68 zephyr/arch/arch/arm/core/aarch32/libarch__arm__core__aarch32.a(irq_manage.c.obj)
                0x0000000000009b54                z_arm_irq_priority_set
 .text.z_irq_spurious
                0x0000000000009bbc        0x8 zephyr/arch/arch/arm/core/aarch32/libarch__arm__core__aarch32.a(irq_manage.c.obj)
                0x0000000000009bbc                z_irq_spurious
 .text._arch_isr_direct_pm
                0x0000000000009bc4       0x20 zephyr/arch/arch/arm/core/aarch32/libarch__arm__core__aarch32.a(irq_manage.c.obj)
                0x0000000000009bc4                _arch_isr_direct_pm
 .text.z_arm_nmi
                0x0000000000009be4       0x10 zephyr/arch/arch/arm/core/aarch32/libarch__arm__core__aarch32.a(nmi.c.obj)
                0x0000000000009be4                z_arm_nmi
 .text.z_SysNmiOnReset
                0x0000000000009bf4        0x8 zephyr/arch/arch/arm/core/aarch32/libarch__arm__core__aarch32.a(nmi_on_reset.S.obj)
                0x0000000000009bf4                z_SysNmiOnReset
 .text.z_arm_prep_c
                0x0000000000009bfc       0x38 zephyr/arch/arch/arm/core/aarch32/libarch__arm__core__aarch32.a(prep_c.c.obj)
                0x0000000000009bfc                z_arm_prep_c
 .text.arch_swap
                0x0000000000009c34       0x38 zephyr/arch/arch/arm/core/aarch32/libarch__arm__core__aarch32.a(swap.c.obj)
                0x0000000000009c34                arch_swap
 .text.z_arm_pendsv
                0x0000000000009c6c       0x54 zephyr/arch/arch/arm/core/aarch32/libarch__arm__core__aarch32.a(swap_helper.S.obj)
                0x0000000000009c6c                z_arm_pendsv
 .text.z_arm_svc
                0x0000000000009cc0       0x20 zephyr/arch/arch/arm/core/aarch32/libarch__arm__core__aarch32.a(swap_helper.S.obj)
                0x0000000000009cc0                z_arm_svc
 .text.arch_new_thread
                0x0000000000009ce0       0x3c zephyr/arch/arch/arm/core/aarch32/libarch__arm__core__aarch32.a(thread.c.obj)
                0x0000000000009ce0                arch_new_thread
 .text.z_check_thread_stack_fail
                0x0000000000009d1c       0x2c zephyr/arch/arch/arm/core/aarch32/libarch__arm__core__aarch32.a(thread.c.obj)
                0x0000000000009d1c                z_check_thread_stack_fail
 .text.arch_switch_to_main_thread
                0x0000000000009d48       0x2c zephyr/arch/arch/arm/core/aarch32/libarch__arm__core__aarch32.a(thread.c.obj)
                0x0000000000009d48                arch_switch_to_main_thread
 .text._isr_wrapper
                0x0000000000009d74       0x40 zephyr/arch/arch/arm/core/aarch32/libarch__arm__core__aarch32.a(isr_wrapper.S.obj)
                0x0000000000009d74                _isr_wrapper
 .text._HandlerModeExit
                0x0000000000009db4       0x1c zephyr/arch/arch/arm/core/aarch32/cortex_m/libarch__arm__core__aarch32__cortex_m.a(exc_exit.S.obj)
                0x0000000000009db4                z_arm_int_exit
                0x0000000000009db4                z_arm_exc_exit
 .text.mem_manage_fault
                0x0000000000009dd0       0xb8 zephyr/arch/arch/arm/core/aarch32/cortex_m/libarch__arm__core__aarch32__cortex_m.a(fault.c.obj)
 .text.bus_fault.constprop.0
                0x0000000000009e88       0x40 zephyr/arch/arch/arm/core/aarch32/cortex_m/libarch__arm__core__aarch32__cortex_m.a(fault.c.obj)
 .text.z_arm_fault
                0x0000000000009ec8      0x1e4 zephyr/arch/arch/arm/core/aarch32/cortex_m/libarch__arm__core__aarch32__cortex_m.a(fault.c.obj)
                0x0000000000009ec8                z_arm_fault
 .text.z_arm_fault_init
                0x000000000000a0ac       0x10 zephyr/arch/arch/arm/core/aarch32/cortex_m/libarch__arm__core__aarch32__cortex_m.a(fault.c.obj)
                0x000000000000a0ac                z_arm_fault_init
 .text.__fault  0x000000000000a0bc       0x14 zephyr/arch/arch/arm/core/aarch32/cortex_m/libarch__arm__core__aarch32__cortex_m.a(fault_s.S.obj)
                0x000000000000a0bc                z_arm_usage_fault
                0x000000000000a0bc                z_arm_mpu_fault
                0x000000000000a0bc                z_arm_exc_spurious
                0x000000000000a0bc                z_arm_debug_monitor
                0x000000000000a0bc                z_arm_hard_fault
                0x000000000000a0bc                z_arm_bus_fault
 .text.z_arm_interrupt_init
                0x000000000000a0d0       0x18 zephyr/arch/arch/arm/core/aarch32/cortex_m/libarch__arm__core__aarch32__cortex_m.a(irq_init.c.obj)
                0x000000000000a0d0                z_arm_interrupt_init
 .text._reset_section
                0x000000000000a0e8       0x54 zephyr/arch/arch/arm/core/aarch32/cortex_m/libarch__arm__core__aarch32__cortex_m.a(reset.S.obj)
                0x000000000000a0e8                __start
                0x000000000000a0e8                z_arm_reset
 .text.z_arm_init_arch_hw_at_boot
                0x000000000000a13c       0x84 zephyr/arch/arch/arm/core/aarch32/cortex_m/libarch__arm__core__aarch32__cortex_m.a(scb.c.obj)
                0x000000000000a13c                z_arm_init_arch_hw_at_boot
 .text.z_impl_k_thread_abort
                0x000000000000a1c0       0x34 zephyr/arch/arch/arm/core/aarch32/cortex_m/libarch__arm__core__aarch32__cortex_m.a(thread_abort.c.obj)
                0x000000000000a1c0                z_impl_k_thread_abort
 .text.z_arm_configure_static_mpu_regions
                0x000000000000a1f4       0x18 zephyr/arch/arch/arm/core/aarch32/mpu/libarch__arm__core__aarch32__mpu.a(arm_core_mpu.c.obj)
                0x000000000000a1f4                z_arm_configure_static_mpu_regions
 .text.z_arm_configure_dynamic_mpu_regions
                0x000000000000a20c       0x24 zephyr/arch/arch/arm/core/aarch32/mpu/libarch__arm__core__aarch32__mpu.a(arm_core_mpu.c.obj)
                0x000000000000a20c                z_arm_configure_dynamic_mpu_regions
 .text.mpu_configure_regions
                0x000000000000a230       0x8c zephyr/arch/arch/arm/core/aarch32/mpu/libarch__arm__core__aarch32__mpu.a(arm_mpu.c.obj)
 .text.arm_core_mpu_configure_static_mpu_regions
                0x000000000000a2bc       0x50 zephyr/arch/arch/arm/core/aarch32/mpu/libarch__arm__core__aarch32__mpu.a(arm_mpu.c.obj)
                0x000000000000a2bc                arm_core_mpu_configure_static_mpu_regions
 .text.arm_core_mpu_configure_dynamic_mpu_regions
                0x000000000000a30c       0x68 zephyr/arch/arch/arm/core/aarch32/mpu/libarch__arm__core__aarch32__mpu.a(arm_mpu.c.obj)
                0x000000000000a30c                arm_core_mpu_configure_dynamic_mpu_regions
 .text.z_arm_mpu_init
                0x000000000000a374       0xdc zephyr/arch/arch/arm/core/aarch32/mpu/libarch__arm__core__aarch32__mpu.a(arm_mpu.c.obj)
                0x000000000000a374                z_arm_mpu_init
 .text.strtol   0x000000000000a450      0x120 zephyr/lib/libc/minimal/liblib__libc__minimal.a(strtol.c.obj)
                0x000000000000a450                strtol
 .text.strcpy   0x000000000000a570       0x18 zephyr/lib/libc/minimal/liblib__libc__minimal.a(string.c.obj)
                0x000000000000a570                strcpy
 .text.strlen   0x000000000000a588       0x18 zephyr/lib/libc/minimal/liblib__libc__minimal.a(string.c.obj)
                0x000000000000a588                strlen
 .text.strnlen  0x000000000000a5a0       0x2c zephyr/lib/libc/minimal/liblib__libc__minimal.a(string.c.obj)
                0x000000000000a5a0                strnlen
 .text.strncmp  0x000000000000a5cc       0x28 zephyr/lib/libc/minimal/liblib__libc__minimal.a(string.c.obj)
                0x000000000000a5cc                strncmp
 .text.memcmp   0x000000000000a5f4       0x48 zephyr/lib/libc/minimal/liblib__libc__minimal.a(string.c.obj)
                0x000000000000a5f4                memcmp
 .text.memmove  0x000000000000a63c       0x34 zephyr/lib/libc/minimal/liblib__libc__minimal.a(string.c.obj)
                0x000000000000a63c                memmove
 .text.memcpy   0x000000000000a670       0x80 zephyr/lib/libc/minimal/liblib__libc__minimal.a(string.c.obj)
                0x000000000000a670                memcpy
 .text.memset   0x000000000000a6f0       0x60 zephyr/lib/libc/minimal/liblib__libc__minimal.a(string.c.obj)
                0x000000000000a6f0                memset
 .text.sprintf_out
                0x000000000000a750       0x1c zephyr/lib/libc/minimal/liblib__libc__minimal.a(sprintf.c.obj)
 .text.sprintf  0x000000000000a76c       0x34 zephyr/lib/libc/minimal/liblib__libc__minimal.a(sprintf.c.obj)
                0x000000000000a76c                sprintf
 .text.nordicsemi_nrf52_init
                0x000000000000a7a0       0x30 zephyr/soc/arm/nordic_nrf/nrf52/libsoc__arm__nordic_nrf__nrf52.a(soc.c.obj)
 .text.sys_arch_reboot
                0x000000000000a7d0       0x2c zephyr/soc/arm/nordic_nrf/nrf52/libsoc__arm__nordic_nrf__nrf52.a(soc.c.obj)
                0x000000000000a7d0                sys_arch_reboot
 .text.arch_busy_wait
                0x000000000000a7fc       0x14 zephyr/soc/arm/nordic_nrf/nrf52/libsoc__arm__nordic_nrf__nrf52.a(soc.c.obj)
                0x000000000000a7fc                arch_busy_wait
 .text.pm_state_set
                0x000000000000a810       0x18 zephyr/soc/arm/nordic_nrf/nrf52/libsoc__arm__nordic_nrf__nrf52.a(power.c.obj)
                0x000000000000a810                pm_state_set
 .text.pm_state_exit_post_ops
                0x000000000000a828        0xc zephyr/soc/arm/nordic_nrf/nrf52/libsoc__arm__nordic_nrf__nrf52.a(power.c.obj)
                0x000000000000a828                pm_state_exit_post_ops
 .text.long_wq_init
                0x000000000000a834       0x38 zephyr/subsys/bluetooth/host/libsubsys__bluetooth__host.a(long_wq.c.obj)
 .text.bt_long_wq_schedule
                0x000000000000a86c        0xc zephyr/subsys/bluetooth/host/libsubsys__bluetooth__host.a(long_wq.c.obj)
                0x000000000000a86c                bt_long_wq_schedule
 .text.uuid_to_uuid128
                0x000000000000a878       0x80 zephyr/subsys/bluetooth/host/libsubsys__bluetooth__host.a(uuid.c.obj)
 .text.bt_uuid_cmp
                0x000000000000a8f8       0x64 zephyr/subsys/bluetooth/host/libsubsys__bluetooth__host.a(uuid.c.obj)
                0x000000000000a8f8                bt_uuid_cmp
 .text.bt_uuid_create
                0x000000000000a95c       0x38 zephyr/subsys/bluetooth/host/libsubsys__bluetooth__host.a(uuid.c.obj)
                0x000000000000a95c                bt_uuid_create
 .text.bt_addr_le_create_static
                0x000000000000a994       0x1c zephyr/subsys/bluetooth/host/libsubsys__bluetooth__host.a(addr.c.obj)
                0x000000000000a994                bt_addr_le_create_static
 .text.bt_buf_get_rx
                0x000000000000a9b0       0x60 zephyr/subsys/bluetooth/host/libsubsys__bluetooth__host.a(buf.c.obj)
                0x000000000000a9b0                bt_buf_get_rx
 .text.bt_buf_get_cmd_complete
                0x000000000000aa10       0x4c zephyr/subsys/bluetooth/host/libsubsys__bluetooth__host.a(buf.c.obj)
                0x000000000000aa10                bt_buf_get_cmd_complete
 .text.bt_buf_get_evt
                0x000000000000aa5c       0x7c zephyr/subsys/bluetooth/host/libsubsys__bluetooth__host.a(buf.c.obj)
                0x000000000000aa5c                bt_buf_get_evt
 .text.hci_data_buf_overflow
                0x000000000000aad8        0x4 zephyr/subsys/bluetooth/host/libsubsys__bluetooth__host.a(hci_core.c.obj)
 .text.hci_disconn_complete_prio
                0x000000000000aadc       0x50 zephyr/subsys/bluetooth/host/libsubsys__bluetooth__host.a(hci_core.c.obj)
 .text.hci_disconn_complete
                0x000000000000ab2c       0x2c zephyr/subsys/bluetooth/host/libsubsys__bluetooth__host.a(hci_core.c.obj)
 .text.le_phy_update_complete
                0x000000000000ab58       0x18 zephyr/subsys/bluetooth/host/libsubsys__bluetooth__host.a(hci_core.c.obj)
 .text.le_data_len_change
                0x000000000000ab70       0x18 zephyr/subsys/bluetooth/host/libsubsys__bluetooth__host.a(hci_core.c.obj)
 .text.hci_num_completed_packets
                0x000000000000ab88       0xec zephyr/subsys/bluetooth/host/libsubsys__bluetooth__host.a(hci_core.c.obj)
 .text.le_remote_feat_complete
                0x000000000000ac74       0x48 zephyr/subsys/bluetooth/host/libsubsys__bluetooth__host.a(hci_core.c.obj)
 .text.hci_hardware_error
                0x000000000000acbc        0x8 zephyr/subsys/bluetooth/host/libsubsys__bluetooth__host.a(hci_core.c.obj)
 .text.hci_cmd_done
                0x000000000000acc4       0xec zephyr/subsys/bluetooth/host/libsubsys__bluetooth__host.a(hci_core.c.obj)
 .text.hci_cmd_complete
                0x000000000000adb0       0x30 zephyr/subsys/bluetooth/host/libsubsys__bluetooth__host.a(hci_core.c.obj)
 .text.hci_tx_thread
                0x000000000000ade0      0x134 zephyr/subsys/bluetooth/host/libsubsys__bluetooth__host.a(hci_core.c.obj)
 .text.le_conn_update_complete
                0x000000000000af14       0xac zephyr/subsys/bluetooth/host/libsubsys__bluetooth__host.a(hci_core.c.obj)
 .text.hci_vendor_event
                0x000000000000afc0        0x4 zephyr/subsys/bluetooth/host/libsubsys__bluetooth__host.a(hci_core.c.obj)
 .text.hci_cmd_status
                0x000000000000afc4       0x2c zephyr/subsys/bluetooth/host/libsubsys__bluetooth__host.a(hci_core.c.obj)
 .text.hci_le_meta_event
                0x000000000000aff0       0x48 zephyr/subsys/bluetooth/host/libsubsys__bluetooth__host.a(hci_core.c.obj)
 .text.bt_hci_cmd_state_set_init
                0x000000000000b038       0x24 zephyr/subsys/bluetooth/host/libsubsys__bluetooth__host.a(hci_core.c.obj)
                0x000000000000b038                bt_hci_cmd_state_set_init
 .text.bt_hci_cmd_create
                0x000000000000b05c       0xa0 zephyr/subsys/bluetooth/host/libsubsys__bluetooth__host.a(hci_core.c.obj)
                0x000000000000b05c                bt_hci_cmd_create
 .text.le_conn_param_neg_reply
                0x000000000000b0fc       0x34 zephyr/subsys/bluetooth/host/libsubsys__bluetooth__host.a(hci_core.c.obj)
 .text.le_conn_param_req
                0x000000000000b130       0xb4 zephyr/subsys/bluetooth/host/libsubsys__bluetooth__host.a(hci_core.c.obj)
 .text.bt_hci_cmd_send_sync
                0x000000000000b1e4       0xe4 zephyr/subsys/bluetooth/host/libsubsys__bluetooth__host.a(hci_core.c.obj)
                0x000000000000b1e4                bt_hci_cmd_send_sync
 .text.bt_init  0x000000000000b2c8      0x42c zephyr/subsys/bluetooth/host/libsubsys__bluetooth__host.a(hci_core.c.obj)
 .text.init_work
                0x000000000000b6f4       0x18 zephyr/subsys/bluetooth/host/libsubsys__bluetooth__host.a(hci_core.c.obj)
 .text.bt_hci_le_rand
                0x000000000000b70c       0x64 zephyr/subsys/bluetooth/host/libsubsys__bluetooth__host.a(hci_core.c.obj)
                0x000000000000b70c                bt_hci_le_rand
 .text.bt_le_set_data_len
                0x000000000000b770       0x3c zephyr/subsys/bluetooth/host/libsubsys__bluetooth__host.a(hci_core.c.obj)
                0x000000000000b770                bt_le_set_data_len
 .text.bt_le_set_phy
                0x000000000000b7ac       0x50 zephyr/subsys/bluetooth/host/libsubsys__bluetooth__host.a(hci_core.c.obj)
                0x000000000000b7ac                bt_le_set_phy
 .text.bt_hci_le_enh_conn_complete
                0x000000000000b7fc      0x260 zephyr/subsys/bluetooth/host/libsubsys__bluetooth__host.a(hci_core.c.obj)
                0x000000000000b7fc                bt_hci_le_enh_conn_complete
 .text.le_enh_conn_complete
                0x000000000000ba5c        0x8 zephyr/subsys/bluetooth/host/libsubsys__bluetooth__host.a(hci_core.c.obj)
 .text.le_legacy_conn_complete
                0x000000000000ba64       0x74 zephyr/subsys/bluetooth/host/libsubsys__bluetooth__host.a(hci_core.c.obj)
 .text.bt_le_conn_params_valid
                0x000000000000bad8       0x44 zephyr/subsys/bluetooth/host/libsubsys__bluetooth__host.a(hci_core.c.obj)
                0x000000000000bad8                bt_le_conn_params_valid
 .text.bt_send  0x000000000000bb1c       0x10 zephyr/subsys/bluetooth/host/libsubsys__bluetooth__host.a(hci_core.c.obj)
                0x000000000000bb1c                bt_send
 .text.hci_event_prio
                0x000000000000bb2c       0xec zephyr/subsys/bluetooth/host/libsubsys__bluetooth__host.a(hci_core.c.obj)
                0x000000000000bb2c                hci_event_prio
 .text.bt_recv  0x000000000000bc18      0x130 zephyr/subsys/bluetooth/host/libsubsys__bluetooth__host.a(hci_core.c.obj)
                0x000000000000bc18                bt_recv
 .text.bt_recv_prio
                0x000000000000bd48       0x3c zephyr/subsys/bluetooth/host/libsubsys__bluetooth__host.a(hci_core.c.obj)
                0x000000000000bd48                bt_recv_prio
 .text.bt_hci_driver_register
                0x000000000000bd84       0x28 zephyr/subsys/bluetooth/host/libsubsys__bluetooth__host.a(hci_core.c.obj)
                0x000000000000bd84                bt_hci_driver_register
 .text.bt_enable
                0x000000000000bdac       0xd8 zephyr/subsys/bluetooth/host/libsubsys__bluetooth__host.a(hci_core.c.obj)
                0x000000000000bdac                bt_enable
 .text.bt_is_ready
                0x000000000000be84       0x18 zephyr/subsys/bluetooth/host/libsubsys__bluetooth__host.a(hci_core.c.obj)
                0x000000000000be84                bt_is_ready
 .text.bt_get_name
                0x000000000000be9c        0x8 zephyr/subsys/bluetooth/host/libsubsys__bluetooth__host.a(hci_core.c.obj)
                0x000000000000be9c                bt_get_name
 .text.bt_get_appearance
                0x000000000000bea4        0x4 zephyr/subsys/bluetooth/host/libsubsys__bluetooth__host.a(hci_core.c.obj)
                0x000000000000bea4                bt_get_appearance
 .text.bt_addr_le_is_bonded
                0x000000000000bea8        0x4 zephyr/subsys/bluetooth/host/libsubsys__bluetooth__host.a(hci_core.c.obj)
                0x000000000000bea8                bt_addr_le_is_bonded
 .text.bt_hci_cmd_complete_create
                0x000000000000beac       0x44 zephyr/subsys/bluetooth/host/libsubsys__bluetooth__host.a(hci_common.c.obj)
                0x000000000000beac                bt_hci_cmd_complete_create
 .text.bt_hci_cmd_status_create
                0x000000000000bef0       0x40 zephyr/subsys/bluetooth/host/libsubsys__bluetooth__host.a(hci_common.c.obj)
                0x000000000000bef0                bt_hci_cmd_status_create
 .text.set_random_address
                0x000000000000bf30       0x60 zephyr/subsys/bluetooth/host/libsubsys__bluetooth__host.a(id.c.obj)
 .text.id_create.constprop.0
                0x000000000000bf90       0x84 zephyr/subsys/bluetooth/host/libsubsys__bluetooth__host.a(id.c.obj)
 .text.bt_lookup_id_addr
                0x000000000000c014        0x4 zephyr/subsys/bluetooth/host/libsubsys__bluetooth__host.a(id.c.obj)
                0x000000000000c014                bt_lookup_id_addr
 .text.bt_id_set_adv_random_addr
                0x000000000000c018       0x94 zephyr/subsys/bluetooth/host/libsubsys__bluetooth__host.a(id.c.obj)
                0x000000000000c018                bt_id_set_adv_random_addr
 .text.bt_id_set_adv_private_addr
                0x000000000000c0ac       0x28 zephyr/subsys/bluetooth/host/libsubsys__bluetooth__host.a(id.c.obj)
                0x000000000000c0ac                bt_id_set_adv_private_addr
 .text.bt_id_create
                0x000000000000c0d4       0xb4 zephyr/subsys/bluetooth/host/libsubsys__bluetooth__host.a(id.c.obj)
                0x000000000000c0d4                bt_id_create
 .text.bt_id_read_public_addr
                0x000000000000c188       0x74 zephyr/subsys/bluetooth/host/libsubsys__bluetooth__host.a(id.c.obj)
                0x000000000000c188                bt_id_read_public_addr
 .text.bt_read_static_addr
                0x000000000000c1fc       0x68 zephyr/subsys/bluetooth/host/libsubsys__bluetooth__host.a(id.c.obj)
                0x000000000000c1fc                bt_read_static_addr
 .text.bt_setup_random_id_addr
                0x000000000000c264       0x64 zephyr/subsys/bluetooth/host/libsubsys__bluetooth__host.a(id.c.obj)
                0x000000000000c264                bt_setup_random_id_addr
 .text.bt_id_set_adv_own_addr
                0x000000000000c2c8       0xd0 zephyr/subsys/bluetooth/host/libsubsys__bluetooth__host.a(id.c.obj)
                0x000000000000c2c8                bt_id_set_adv_own_addr
 .text.bt_id_init
                0x000000000000c398       0x54 zephyr/subsys/bluetooth/host/libsubsys__bluetooth__host.a(id.c.obj)
                0x000000000000c398                bt_id_init
 .text.bt_le_per_adv_enable
                0x000000000000c3ec       0xb8 zephyr/subsys/bluetooth/host/libsubsys__bluetooth__host.a(adv.c.obj)
 .text.ad_stream_read
                0x000000000000c4a4      0x108 zephyr/subsys/bluetooth/host/libsubsys__bluetooth__host.a(adv.c.obj)
 .text.hci_set_ad_ext
                0x000000000000c5ac      0x21c zephyr/subsys/bluetooth/host/libsubsys__bluetooth__host.a(adv.c.obj)
 .text.le_adv_update
                0x000000000000c7c8      0x144 zephyr/subsys/bluetooth/host/libsubsys__bluetooth__host.a(adv.c.obj)
 .text.adv_new  0x000000000000c90c       0x7c zephyr/subsys/bluetooth/host/libsubsys__bluetooth__host.a(adv.c.obj)
 .text.le_adv_start_add_conn
                0x000000000000c988       0x98 zephyr/subsys/bluetooth/host/libsubsys__bluetooth__host.a(adv.c.obj)
 .text.le_adv_stop_free_conn
                0x000000000000ca20       0x70 zephyr/subsys/bluetooth/host/libsubsys__bluetooth__host.a(adv.c.obj)
 .text.valid_adv_ext_param
                0x000000000000ca90       0xb0 zephyr/subsys/bluetooth/host/libsubsys__bluetooth__host.a(adv.c.obj)
 .text.le_ext_adv_param_set
                0x000000000000cb40      0x380 zephyr/subsys/bluetooth/host/libsubsys__bluetooth__host.a(adv.c.obj)
 .text.bt_le_adv_set_enable_ext
                0x000000000000cec0       0x8c zephyr/subsys/bluetooth/host/libsubsys__bluetooth__host.a(adv.c.obj)
                0x000000000000cec0                bt_le_adv_set_enable_ext
 .text.bt_le_adv_stop
                0x000000000000cf4c       0xb0 zephyr/subsys/bluetooth/host/libsubsys__bluetooth__host.a(adv.c.obj)
                0x000000000000cf4c                bt_le_adv_stop
 .text.bt_le_adv_resume
                0x000000000000cffc       0xa8 zephyr/subsys/bluetooth/host/libsubsys__bluetooth__host.a(adv.c.obj)
                0x000000000000cffc                bt_le_adv_resume
 .text.bt_le_ext_adv_create
                0x000000000000d0a4       0x6c zephyr/subsys/bluetooth/host/libsubsys__bluetooth__host.a(adv.c.obj)
                0x000000000000d0a4                bt_le_ext_adv_create
 .text.bt_le_ext_adv_stop
                0x000000000000d110       0xa4 zephyr/subsys/bluetooth/host/libsubsys__bluetooth__host.a(adv.c.obj)
                0x000000000000d110                bt_le_ext_adv_stop
 .text.adv_timeout
                0x000000000000d1b4       0x18 zephyr/subsys/bluetooth/host/libsubsys__bluetooth__host.a(adv.c.obj)
 .text.bt_le_ext_adv_set_data
                0x000000000000d1cc       0x64 zephyr/subsys/bluetooth/host/libsubsys__bluetooth__host.a(adv.c.obj)
                0x000000000000d1cc                bt_le_ext_adv_set_data
 .text.bt_le_adv_start_ext
                0x000000000000d230      0x174 zephyr/subsys/bluetooth/host/libsubsys__bluetooth__host.a(adv.c.obj)
                0x000000000000d230                bt_le_adv_start_ext
 .text.bt_le_adv_start
                0x000000000000d3a4       0xc4 zephyr/subsys/bluetooth/host/libsubsys__bluetooth__host.a(adv.c.obj)
                0x000000000000d3a4                bt_le_adv_start
 .text.bt_le_ext_adv_start
                0x000000000000d468      0x114 zephyr/subsys/bluetooth/host/libsubsys__bluetooth__host.a(adv.c.obj)
                0x000000000000d468                bt_le_ext_adv_start
 .text.bt_le_per_adv_set_param
                0x000000000000d57c      0x114 zephyr/subsys/bluetooth/host/libsubsys__bluetooth__host.a(adv.c.obj)
                0x000000000000d57c                bt_le_per_adv_set_param
 .text.bt_le_per_adv_set_data
                0x000000000000d690      0x140 zephyr/subsys/bluetooth/host/libsubsys__bluetooth__host.a(adv.c.obj)
                0x000000000000d690                bt_le_per_adv_set_data
 .text.bt_le_per_adv_start
                0x000000000000d7d0        0x8 zephyr/subsys/bluetooth/host/libsubsys__bluetooth__host.a(adv.c.obj)
                0x000000000000d7d0                bt_le_per_adv_start
 .text.bt_le_per_adv_stop
                0x000000000000d7d8        0x8 zephyr/subsys/bluetooth/host/libsubsys__bluetooth__host.a(adv.c.obj)
                0x000000000000d7d8                bt_le_per_adv_stop
 .text.bt_hci_le_adv_set_terminated
                0x000000000000d7e0      0x160 zephyr/subsys/bluetooth/host/libsubsys__bluetooth__host.a(adv.c.obj)
                0x000000000000d7e0                bt_hci_le_adv_set_terminated
 .text.bt_hci_le_scan_req_received
                0x000000000000d940       0x9c zephyr/subsys/bluetooth/host/libsubsys__bluetooth__host.a(adv.c.obj)
                0x000000000000d940                bt_hci_le_scan_req_received
 .text.tx_notify
                0x000000000000d9dc       0x7c zephyr/subsys/bluetooth/host/libsubsys__bluetooth__host.a(conn.c.obj)
 .text.tx_complete_work
                0x000000000000da58        0x8 zephyr/subsys/bluetooth/host/libsubsys__bluetooth__host.a(conn.c.obj)
 .text.conn_tx_destroy
                0x000000000000da60       0x54 zephyr/subsys/bluetooth/host/libsubsys__bluetooth__host.a(conn.c.obj)
 .text.notify_connected
                0x000000000000dab4       0x88 zephyr/subsys/bluetooth/host/libsubsys__bluetooth__host.a(conn.c.obj)
 .text.conn_cleanup
                0x000000000000db3c       0xa4 zephyr/subsys/bluetooth/host/libsubsys__bluetooth__host.a(conn.c.obj)
 .text.send_frag
                0x000000000000dbe0      0x164 zephyr/subsys/bluetooth/host/libsubsys__bluetooth__host.a(conn.c.obj)
 .text.bt_conn_get_pkts
                0x000000000000dd44        0x8 zephyr/subsys/bluetooth/host/libsubsys__bluetooth__host.a(conn.c.obj)
                0x000000000000dd44                bt_conn_get_pkts
 .text.bt_conn_recv
                0x000000000000dd4c       0xa0 zephyr/subsys/bluetooth/host/libsubsys__bluetooth__host.a(conn.c.obj)
                0x000000000000dd4c                bt_conn_recv
 .text.bt_conn_send_cb
                0x000000000000ddec       0x7c zephyr/subsys/bluetooth/host/libsubsys__bluetooth__host.a(conn.c.obj)
                0x000000000000ddec                bt_conn_send_cb
 .text.bt_conn_prepare_events
                0x000000000000de68       0x98 zephyr/subsys/bluetooth/host/libsubsys__bluetooth__host.a(conn.c.obj)
                0x000000000000de68                bt_conn_prepare_events
 .text.bt_conn_ref
                0x000000000000df00       0x4c zephyr/subsys/bluetooth/host/libsubsys__bluetooth__host.a(conn.c.obj)
                0x000000000000df00                bt_conn_ref
 .text.bt_conn_unref
                0x000000000000df4c       0x74 zephyr/subsys/bluetooth/host/libsubsys__bluetooth__host.a(conn.c.obj)
                0x000000000000df4c                bt_conn_unref
 .text.bt_conn_set_state
                0x000000000000dfc0      0x18c zephyr/subsys/bluetooth/host/libsubsys__bluetooth__host.a(conn.c.obj)
                0x000000000000dfc0                bt_conn_set_state
 .text.bt_conn_lookup_handle
                0x000000000000e14c       0x64 zephyr/subsys/bluetooth/host/libsubsys__bluetooth__host.a(conn.c.obj)
                0x000000000000e14c                bt_conn_lookup_handle
 .text.bt_conn_index
                0x000000000000e1b0       0x54 zephyr/subsys/bluetooth/host/libsubsys__bluetooth__host.a(conn.c.obj)
                0x000000000000e1b0                bt_conn_index
 .text.bt_conn_create_pdu_timeout
                0x000000000000e204       0x5c zephyr/subsys/bluetooth/host/libsubsys__bluetooth__host.a(conn.c.obj)
                0x000000000000e204                bt_conn_create_pdu_timeout
 .text.create_frag
                0x000000000000e260       0x74 zephyr/subsys/bluetooth/host/libsubsys__bluetooth__host.a(conn.c.obj)
 .text.bt_conn_process_tx
                0x000000000000e2d4       0xf0 zephyr/subsys/bluetooth/host/libsubsys__bluetooth__host.a(conn.c.obj)
                0x000000000000e2d4                bt_conn_process_tx
 .text.bt_conn_connected
                0x000000000000e3c4       0x14 zephyr/subsys/bluetooth/host/libsubsys__bluetooth__host.a(conn.c.obj)
                0x000000000000e3c4                bt_conn_connected
 .text.notify_le_param_updated
                0x000000000000e3d8       0xe4 zephyr/subsys/bluetooth/host/libsubsys__bluetooth__host.a(conn.c.obj)
                0x000000000000e3d8                notify_le_param_updated
 .text.le_param_req
                0x000000000000e4bc       0xb0 zephyr/subsys/bluetooth/host/libsubsys__bluetooth__host.a(conn.c.obj)
                0x000000000000e4bc                le_param_req
 .text.bt_conn_get_security
                0x000000000000e56c        0x4 zephyr/subsys/bluetooth/host/libsubsys__bluetooth__host.a(conn.c.obj)
                0x000000000000e56c                bt_conn_get_security
 .text.bt_conn_add_le
                0x000000000000e570       0x9c zephyr/subsys/bluetooth/host/libsubsys__bluetooth__host.a(conn.c.obj)
                0x000000000000e570                bt_conn_add_le
 .text.bt_conn_is_peer_addr_le
                0x000000000000e60c       0x4c zephyr/subsys/bluetooth/host/libsubsys__bluetooth__host.a(conn.c.obj)
                0x000000000000e60c                bt_conn_is_peer_addr_le
 .text.bt_conn_lookup_addr_le
                0x000000000000e658       0x70 zephyr/subsys/bluetooth/host/libsubsys__bluetooth__host.a(conn.c.obj)
                0x000000000000e658                bt_conn_lookup_addr_le
 .text.bt_conn_exists_le
                0x000000000000e6c8       0x14 zephyr/subsys/bluetooth/host/libsubsys__bluetooth__host.a(conn.c.obj)
                0x000000000000e6c8                bt_conn_exists_le
 .text.bt_conn_lookup_state_le
                0x000000000000e6dc       0x80 zephyr/subsys/bluetooth/host/libsubsys__bluetooth__host.a(conn.c.obj)
                0x000000000000e6dc                bt_conn_lookup_state_le
 .text.bt_conn_get_dst
                0x000000000000e75c        0x4 zephyr/subsys/bluetooth/host/libsubsys__bluetooth__host.a(conn.c.obj)
                0x000000000000e75c                bt_conn_get_dst
 .text.bt_conn_le_conn_update
                0x000000000000e760       0x50 zephyr/subsys/bluetooth/host/libsubsys__bluetooth__host.a(conn.c.obj)
                0x000000000000e760                bt_conn_le_conn_update
 .text.send_conn_le_param_update
                0x000000000000e7b0       0x74 zephyr/subsys/bluetooth/host/libsubsys__bluetooth__host.a(conn.c.obj)
 .text.deferred_work
                0x000000000000e824      0x134 zephyr/subsys/bluetooth/host/libsubsys__bluetooth__host.a(conn.c.obj)
 .text.bt_conn_init
                0x000000000000e958       0x40 zephyr/subsys/bluetooth/host/libsubsys__bluetooth__host.a(conn.c.obj)
                0x000000000000e958                bt_conn_init
 .text.l2cap_connected
                0x000000000000e998        0x4 zephyr/subsys/bluetooth/host/libsubsys__bluetooth__host.a(l2cap.c.obj)
 .text.l2cap_accept
                0x000000000000e99c       0x3c zephyr/subsys/bluetooth/host/libsubsys__bluetooth__host.a(l2cap.c.obj)
 .text.l2cap_disconnected
                0x000000000000e9d8        0x4 zephyr/subsys/bluetooth/host/libsubsys__bluetooth__host.a(l2cap.c.obj)
 .text.l2cap_recv
                0x000000000000e9dc       0x9c zephyr/subsys/bluetooth/host/libsubsys__bluetooth__host.a(l2cap.c.obj)
 .text.bt_l2cap_chan_del
                0x000000000000ea78       0x2c zephyr/subsys/bluetooth/host/libsubsys__bluetooth__host.a(l2cap.c.obj)
                0x000000000000ea78                bt_l2cap_chan_del
 .text.bt_l2cap_connected
                0x000000000000eaa4       0xe8 zephyr/subsys/bluetooth/host/libsubsys__bluetooth__host.a(l2cap.c.obj)
                0x000000000000eaa4                bt_l2cap_connected
 .text.bt_l2cap_disconnected
                0x000000000000eb8c       0x34 zephyr/subsys/bluetooth/host/libsubsys__bluetooth__host.a(l2cap.c.obj)
                0x000000000000eb8c                bt_l2cap_disconnected
 .text.bt_l2cap_create_pdu_timeout
                0x000000000000ebc0        0x8 zephyr/subsys/bluetooth/host/libsubsys__bluetooth__host.a(l2cap.c.obj)
                0x000000000000ebc0                bt_l2cap_create_pdu_timeout
 .text.bt_l2cap_send_cb
                0x000000000000ebc8       0x3c zephyr/subsys/bluetooth/host/libsubsys__bluetooth__host.a(l2cap.c.obj)
                0x000000000000ebc8                bt_l2cap_send_cb
 .text.bt_l2cap_le_lookup_rx_cid
                0x000000000000ec04       0x18 zephyr/subsys/bluetooth/host/libsubsys__bluetooth__host.a(l2cap.c.obj)
                0x000000000000ec04                bt_l2cap_le_lookup_rx_cid
 .text.bt_l2cap_recv
                0x000000000000ec1c       0x40 zephyr/subsys/bluetooth/host/libsubsys__bluetooth__host.a(l2cap.c.obj)
                0x000000000000ec1c                bt_l2cap_recv
 .text.bt_l2cap_update_conn_param
                0x000000000000ec5c       0xa8 zephyr/subsys/bluetooth/host/libsubsys__bluetooth__host.a(l2cap.c.obj)
                0x000000000000ec5c                bt_l2cap_update_conn_param
 .text.bt_l2cap_init
                0x000000000000ed04        0x4 zephyr/subsys/bluetooth/host/libsubsys__bluetooth__host.a(l2cap.c.obj)
                0x000000000000ed04                bt_l2cap_init
 .text.attr_read_type_cb
                0x000000000000ed08       0x2c zephyr/subsys/bluetooth/host/libsubsys__bluetooth__host.a(att.c.obj)
 .text.att_prepare_write_req
                0x000000000000ed34        0x4 zephyr/subsys/bluetooth/host/libsubsys__bluetooth__host.a(att.c.obj)
 .text.att_op_get_type
                0x000000000000ed38      0x100 zephyr/subsys/bluetooth/host/libsubsys__bluetooth__host.a(att.c.obj)
 .text.bt_att_released
                0x000000000000ee38       0x1c zephyr/subsys/bluetooth/host/libsubsys__bluetooth__host.a(att.c.obj)
 .text.att_chan_read
                0x000000000000ee54      0x17c zephyr/subsys/bluetooth/host/libsubsys__bluetooth__host.a(att.c.obj)
 .text.read_group_cb
                0x000000000000efd0       0xb8 zephyr/subsys/bluetooth/host/libsubsys__bluetooth__host.a(att.c.obj)
 .text.read_vl_cb
                0x000000000000f088       0x7c zephyr/subsys/bluetooth/host/libsubsys__bluetooth__host.a(att.c.obj)
 .text.read_cb  0x000000000000f104       0x64 zephyr/subsys/bluetooth/host/libsubsys__bluetooth__host.a(att.c.obj)
 .text.read_type_cb
                0x000000000000f168       0xc4 zephyr/subsys/bluetooth/host/libsubsys__bluetooth__host.a(att.c.obj)
 .text.find_type_cb
                0x000000000000f22c      0x158 zephyr/subsys/bluetooth/host/libsubsys__bluetooth__host.a(att.c.obj)
 .text.find_info_cb
                0x000000000000f384       0x98 zephyr/subsys/bluetooth/host/libsubsys__bluetooth__host.a(att.c.obj)
 .text.att_chan_mtu_updated
                0x000000000000f41c       0x60 zephyr/subsys/bluetooth/host/libsubsys__bluetooth__host.a(att.c.obj)
 .text.bt_att_connected
                0x000000000000f47c       0x54 zephyr/subsys/bluetooth/host/libsubsys__bluetooth__host.a(att.c.obj)
 .text.attr_read_group_cb
                0x000000000000f4d0       0x2c zephyr/subsys/bluetooth/host/libsubsys__bluetooth__host.a(att.c.obj)
 .text.att_get.part.0
                0x000000000000f4fc       0x54 zephyr/subsys/bluetooth/host/libsubsys__bluetooth__host.a(att.c.obj)
 .text.write_cb
                0x000000000000f550       0x70 zephyr/subsys/bluetooth/host/libsubsys__bluetooth__host.a(att.c.obj)
 .text.bt_att_accept
                0x000000000000f5c0       0xd8 zephyr/subsys/bluetooth/host/libsubsys__bluetooth__host.a(att.c.obj)
 .text.att_exec_write_req
                0x000000000000f698        0x4 zephyr/subsys/bluetooth/host/libsubsys__bluetooth__host.a(att.c.obj)
 .text.att_reset
                0x000000000000f69c      0x104 zephyr/subsys/bluetooth/host/libsubsys__bluetooth__host.a(att.c.obj)
 .text.att_unknown
                0x000000000000f7a0       0x54 zephyr/subsys/bluetooth/host/libsubsys__bluetooth__host.a(att.c.obj)
 .text.att_rsp_sent
                0x000000000000f7f4       0x48 zephyr/subsys/bluetooth/host/libsubsys__bluetooth__host.a(att.c.obj)
 .text.att_cfm_sent
                0x000000000000f83c       0x48 zephyr/subsys/bluetooth/host/libsubsys__bluetooth__host.a(att.c.obj)
 .text.att_req_sent
                0x000000000000f884       0x40 zephyr/subsys/bluetooth/host/libsubsys__bluetooth__host.a(att.c.obj)
 .text.att_tx_complete
                0x000000000000f8c4       0x64 zephyr/subsys/bluetooth/host/libsubsys__bluetooth__host.a(att.c.obj)
 .text.chan_send
                0x000000000000f928       0xfc zephyr/subsys/bluetooth/host/libsubsys__bluetooth__host.a(att.c.obj)
 .text.bt_att_chan_req_send
                0x000000000000fa24       0xd8 zephyr/subsys/bluetooth/host/libsubsys__bluetooth__host.a(att.c.obj)
 .text.bt_att_status
                0x000000000000fafc       0x54 zephyr/subsys/bluetooth/host/libsubsys__bluetooth__host.a(att.c.obj)
 .text.att_req_send_process
                0x000000000000fb50       0x90 zephyr/subsys/bluetooth/host/libsubsys__bluetooth__host.a(att.c.obj)
 .text.att_handle_rsp
                0x000000000000fbe0       0xe0 zephyr/subsys/bluetooth/host/libsubsys__bluetooth__host.a(att.c.obj)
 .text.att_confirm
                0x000000000000fcc0        0xc zephyr/subsys/bluetooth/host/libsubsys__bluetooth__host.a(att.c.obj)
 .text.att_chan_detach
                0x000000000000fccc       0xc8 zephyr/subsys/bluetooth/host/libsubsys__bluetooth__host.a(att.c.obj)
 .text.bt_att_disconnected
                0x000000000000fd94       0x28 zephyr/subsys/bluetooth/host/libsubsys__bluetooth__host.a(att.c.obj)
 .text.att_timeout
                0x000000000000fdbc       0x28 zephyr/subsys/bluetooth/host/libsubsys__bluetooth__host.a(att.c.obj)
 .text.bt_att_sent
                0x000000000000fde4       0xe8 zephyr/subsys/bluetooth/host/libsubsys__bluetooth__host.a(att.c.obj)
 .text.bt_att_chan_create_pdu
                0x000000000000fecc       0x70 zephyr/subsys/bluetooth/host/libsubsys__bluetooth__host.a(att.c.obj)
                0x000000000000fecc                bt_att_chan_create_pdu
 .text.send_err_rsp.part.0
                0x000000000000ff3c       0x48 zephyr/subsys/bluetooth/host/libsubsys__bluetooth__host.a(att.c.obj)
 .text.bt_att_recv
                0x000000000000ff84       0xfc zephyr/subsys/bluetooth/host/libsubsys__bluetooth__host.a(att.c.obj)
 .text.att_write_rsp.constprop.0
                0x0000000000010080      0x168 zephyr/subsys/bluetooth/host/libsubsys__bluetooth__host.a(att.c.obj)
 .text.att_write_req
                0x00000000000101e8       0x28 zephyr/subsys/bluetooth/host/libsubsys__bluetooth__host.a(att.c.obj)
 .text.att_write_cmd
                0x0000000000010210       0x28 zephyr/subsys/bluetooth/host/libsubsys__bluetooth__host.a(att.c.obj)
 .text.bt_att_create_pdu
                0x0000000000010238       0x50 zephyr/subsys/bluetooth/host/libsubsys__bluetooth__host.a(att.c.obj)
                0x0000000000010238                bt_att_create_pdu
 .text.att_read_group_req
                0x0000000000010288      0x174 zephyr/subsys/bluetooth/host/libsubsys__bluetooth__host.a(att.c.obj)
 .text.att_read_mult_vl_req
                0x00000000000103fc      0x110 zephyr/subsys/bluetooth/host/libsubsys__bluetooth__host.a(att.c.obj)
 .text.att_read_mult_req
                0x000000000001050c      0x110 zephyr/subsys/bluetooth/host/libsubsys__bluetooth__host.a(att.c.obj)
 .text.att_read_rsp
                0x000000000001061c      0x118 zephyr/subsys/bluetooth/host/libsubsys__bluetooth__host.a(att.c.obj)
 .text.att_read_blob_req
                0x0000000000010734       0x18 zephyr/subsys/bluetooth/host/libsubsys__bluetooth__host.a(att.c.obj)
 .text.att_read_req
                0x000000000001074c       0x18 zephyr/subsys/bluetooth/host/libsubsys__bluetooth__host.a(att.c.obj)
 .text.att_read_type_req
                0x0000000000010764      0x118 zephyr/subsys/bluetooth/host/libsubsys__bluetooth__host.a(att.c.obj)
 .text.att_find_type_req
                0x000000000001087c      0x12c zephyr/subsys/bluetooth/host/libsubsys__bluetooth__host.a(att.c.obj)
 .text.att_find_info_req
                0x00000000000109a8       0xd4 zephyr/subsys/bluetooth/host/libsubsys__bluetooth__host.a(att.c.obj)
 .text.att_mtu_req
                0x0000000000010a7c       0x78 zephyr/subsys/bluetooth/host/libsubsys__bluetooth__host.a(att.c.obj)
 .text.bt_att_init
                0x0000000000010af4       0x34 zephyr/subsys/bluetooth/host/libsubsys__bluetooth__host.a(att.c.obj)
                0x0000000000010af4                bt_att_init
 .text.bt_att_req_alloc
                0x0000000000010b28       0x48 zephyr/subsys/bluetooth/host/libsubsys__bluetooth__host.a(att.c.obj)
                0x0000000000010b28                bt_att_req_alloc
 .text.bt_att_req_free
                0x0000000000010b70       0x64 zephyr/subsys/bluetooth/host/libsubsys__bluetooth__host.a(att.c.obj)
                0x0000000000010b70                bt_att_req_free
 .text.bt_att_send
                0x0000000000010bd4      0x134 zephyr/subsys/bluetooth/host/libsubsys__bluetooth__host.a(att.c.obj)
                0x0000000000010bd4                bt_att_send
 .text.bt_att_req_send
                0x0000000000010d08       0x80 zephyr/subsys/bluetooth/host/libsubsys__bluetooth__host.a(att.c.obj)
                0x0000000000010d08                bt_att_req_send
 .text.bt_att_fixed_chan_only
                0x0000000000010d88        0x4 zephyr/subsys/bluetooth/host/libsubsys__bluetooth__host.a(att.c.obj)
                0x0000000000010d88                bt_att_fixed_chan_only
 .text.bt_att_clear_out_of_sync_sent
                0x0000000000010d8c       0x3c zephyr/subsys/bluetooth/host/libsubsys__bluetooth__host.a(att.c.obj)
                0x0000000000010d8c                bt_att_clear_out_of_sync_sent
 .text.bt_att_out_of_sync_sent_on_fixed
                0x0000000000010dc8       0x1c zephyr/subsys/bluetooth/host/libsubsys__bluetooth__host.a(att.c.obj)
                0x0000000000010dc8                bt_att_out_of_sync_sent_on_fixed
 .text.bt_att_set_tx_meta_data
                0x0000000000010de4       0x14 zephyr/subsys/bluetooth/host/libsubsys__bluetooth__host.a(att.c.obj)
                0x0000000000010de4                bt_att_set_tx_meta_data
 .text.find_next
                0x0000000000010df8        0x8 zephyr/subsys/bluetooth/host/libsubsys__bluetooth__host.a(gatt.c.obj)
 .text.gatt_indicate_rsp
                0x0000000000010e00       0x28 zephyr/subsys/bluetooth/host/libsubsys__bluetooth__host.a(gatt.c.obj)
 .text.match_uuid
                0x0000000000010e28        0x8 zephyr/subsys/bluetooth/host/libsubsys__bluetooth__host.a(gatt.c.obj)
 .text.gen_hash_m
                0x0000000000010e30       0xbc zephyr/subsys/bluetooth/host/libsubsys__bluetooth__host.a(gatt.c.obj)
 .text.find_cf_cfg
                0x0000000000010eec       0x48 zephyr/subsys/bluetooth/host/libsubsys__bluetooth__host.a(gatt.c.obj)
 .text.find_ccc_cfg
                0x0000000000010f34       0x44 zephyr/subsys/bluetooth/host/libsubsys__bluetooth__host.a(gatt.c.obj)
 .text.read_ppcp
                0x0000000000010f78       0x44 zephyr/subsys/bluetooth/host/libsubsys__bluetooth__host.a(gatt.c.obj)
 .text.read_appearance
                0x0000000000010fbc       0x3c zephyr/subsys/bluetooth/host/libsubsys__bluetooth__host.a(gatt.c.obj)
 .text.read_name
                0x0000000000010ff8       0x40 zephyr/subsys/bluetooth/host/libsubsys__bluetooth__host.a(gatt.c.obj)
 .text.cf_read  0x0000000000011038       0x4c zephyr/subsys/bluetooth/host/libsubsys__bluetooth__host.a(gatt.c.obj)
 .text.bt_gatt_attr_read_service
                0x0000000000011084       0x5c zephyr/subsys/bluetooth/host/libsubsys__bluetooth__host.a(gatt.c.obj)
                0x0000000000011084                bt_gatt_attr_read_service
 .text.bt_gatt_attr_read_ccc
                0x00000000000110e0       0x44 zephyr/subsys/bluetooth/host/libsubsys__bluetooth__host.a(gatt.c.obj)
                0x00000000000110e0                bt_gatt_attr_read_ccc
 .text.sc_indicate_rsp
                0x0000000000011124       0x78 zephyr/subsys/bluetooth/host/libsubsys__bluetooth__host.a(gatt.c.obj)
 .text.bt_gatt_attr_get_handle.part.0
                0x000000000001119c       0xa4 zephyr/subsys/bluetooth/host/libsubsys__bluetooth__host.a(gatt.c.obj)
 .text.bt_gatt_attr_write_ccc
                0x0000000000011240      0x100 zephyr/subsys/bluetooth/host/libsubsys__bluetooth__host.a(gatt.c.obj)
                0x0000000000011240                bt_gatt_attr_write_ccc
 .text.sc_clear
                0x0000000000011340       0x5c zephyr/subsys/bluetooth/host/libsubsys__bluetooth__host.a(gatt.c.obj)
 .text.disconnected_cb
                0x000000000001139c       0xc8 zephyr/subsys/bluetooth/host/libsubsys__bluetooth__host.a(gatt.c.obj)
 .text.sc_restore_rsp
                0x0000000000011464       0x8c zephyr/subsys/bluetooth/host/libsubsys__bluetooth__host.a(gatt.c.obj)
 .text.sc_save  0x00000000000114f0       0xdc zephyr/subsys/bluetooth/host/libsubsys__bluetooth__host.a(gatt.c.obj)
 .text.sc_ccc_cfg_write
                0x00000000000115cc       0x20 zephyr/subsys/bluetooth/host/libsubsys__bluetooth__host.a(gatt.c.obj)
 .text.cf_write
                0x00000000000115ec       0xdc zephyr/subsys/bluetooth/host/libsubsys__bluetooth__host.a(gatt.c.obj)
 .text.bt_gatt_init
                0x00000000000116c8       0xe8 zephyr/subsys/bluetooth/host/libsubsys__bluetooth__host.a(gatt.c.obj)
                0x00000000000116c8                bt_gatt_init
 .text.bt_gatt_attr_value_handle
                0x00000000000117b0       0x44 zephyr/subsys/bluetooth/host/libsubsys__bluetooth__host.a(gatt.c.obj)
                0x00000000000117b0                bt_gatt_attr_value_handle
 .text.bt_gatt_attr_read_chrc
                0x00000000000117f4       0x68 zephyr/subsys/bluetooth/host/libsubsys__bluetooth__host.a(gatt.c.obj)
                0x00000000000117f4                bt_gatt_attr_read_chrc
 .text.bt_gatt_foreach_attr_type
                0x000000000001185c      0x118 zephyr/subsys/bluetooth/host/libsubsys__bluetooth__host.a(gatt.c.obj)
                0x000000000001185c                bt_gatt_foreach_attr_type
 .text.db_hash_gen.constprop.0
                0x0000000000011974       0x8c zephyr/subsys/bluetooth/host/libsubsys__bluetooth__host.a(gatt.c.obj)
 .text.db_hash_process
                0x0000000000011a00        0x4 zephyr/subsys/bluetooth/host/libsubsys__bluetooth__host.a(gatt.c.obj)
 .text.db_hash_read
                0x0000000000011a04       0x9c zephyr/subsys/bluetooth/host/libsubsys__bluetooth__host.a(gatt.c.obj)
 .text.bt_gatt_attr_next
                0x0000000000011aa0       0x40 zephyr/subsys/bluetooth/host/libsubsys__bluetooth__host.a(gatt.c.obj)
                0x0000000000011aa0                bt_gatt_attr_next
 .text.bt_gatt_check_perm
                0x0000000000011ae0       0x50 zephyr/subsys/bluetooth/host/libsubsys__bluetooth__host.a(gatt.c.obj)
                0x0000000000011ae0                bt_gatt_check_perm
 .text.bt_gatt_is_subscribed
                0x0000000000011b30      0x1d0 zephyr/subsys/bluetooth/host/libsubsys__bluetooth__host.a(gatt.c.obj)
                0x0000000000011b30                bt_gatt_is_subscribed
 .text.gatt_indicate
                0x0000000000011d00       0xd0 zephyr/subsys/bluetooth/host/libsubsys__bluetooth__host.a(gatt.c.obj)
 .text.bt_gatt_indicate
                0x0000000000011dd0      0x190 zephyr/subsys/bluetooth/host/libsubsys__bluetooth__host.a(gatt.c.obj)
                0x0000000000011dd0                bt_gatt_indicate
 .text.sc_process
                0x0000000000011f60       0xbc zephyr/subsys/bluetooth/host/libsubsys__bluetooth__host.a(gatt.c.obj)
 .text.update_ccc
                0x000000000001201c      0x120 zephyr/subsys/bluetooth/host/libsubsys__bluetooth__host.a(gatt.c.obj)
 .text.gatt_notify
                0x000000000001213c       0x90 zephyr/subsys/bluetooth/host/libsubsys__bluetooth__host.a(gatt.c.obj)
 .text.bt_gatt_notify_cb
                0x00000000000121cc      0x184 zephyr/subsys/bluetooth/host/libsubsys__bluetooth__host.a(gatt.c.obj)
                0x00000000000121cc                bt_gatt_notify_cb
 .text.notify_cb
                0x0000000000012350      0x144 zephyr/subsys/bluetooth/host/libsubsys__bluetooth__host.a(gatt.c.obj)
 .text.bt_gatt_connected
                0x0000000000012494       0x2c zephyr/subsys/bluetooth/host/libsubsys__bluetooth__host.a(gatt.c.obj)
                0x0000000000012494                bt_gatt_connected
 .text.bt_gatt_att_max_mtu_changed
                0x00000000000124c0       0x2c zephyr/subsys/bluetooth/host/libsubsys__bluetooth__host.a(gatt.c.obj)
                0x00000000000124c0                bt_gatt_att_max_mtu_changed
 .text.bt_gatt_change_aware
                0x00000000000124ec       0xb8 zephyr/subsys/bluetooth/host/libsubsys__bluetooth__host.a(gatt.c.obj)
                0x00000000000124ec                bt_gatt_change_aware
 .text.bt_gatt_disconnected
                0x00000000000125a4       0x80 zephyr/subsys/bluetooth/host/libsubsys__bluetooth__host.a(gatt.c.obj)
                0x00000000000125a4                bt_gatt_disconnected
 .text.bt_smp_accept
                0x0000000000012624       0x3c zephyr/subsys/bluetooth/host/libsubsys__bluetooth__host.a(smp_null.c.obj)
 .text.bt_smp_recv
                0x0000000000012660       0x58 zephyr/subsys/bluetooth/host/libsubsys__bluetooth__host.a(smp_null.c.obj)
 .text.bt_smp_sign
                0x00000000000126b8        0x8 zephyr/subsys/bluetooth/host/libsubsys__bluetooth__host.a(smp_null.c.obj)
                0x00000000000126b8                bt_smp_sign
 .text.bt_smp_init
                0x00000000000126c0        0x4 zephyr/subsys/bluetooth/host/libsubsys__bluetooth__host.a(smp_null.c.obj)
                0x00000000000126c0                bt_smp_init
 .text.bt_df_set_adv_cte_tx_enabled
                0x00000000000126c4       0x9c zephyr/subsys/bluetooth/host/libsubsys__bluetooth__host.a(direction.c.obj)
 .text.le_df_init
                0x0000000000012760       0x40 zephyr/subsys/bluetooth/host/libsubsys__bluetooth__host.a(direction.c.obj)
                0x0000000000012760                le_df_init
 .text.bt_df_set_adv_cte_tx_param
                0x00000000000127a0      0x174 zephyr/subsys/bluetooth/host/libsubsys__bluetooth__host.a(direction.c.obj)
                0x00000000000127a0                bt_df_set_adv_cte_tx_param
 .text.bt_df_adv_cte_tx_enable
                0x0000000000012914       0x44 zephyr/subsys/bluetooth/host/libsubsys__bluetooth__host.a(direction.c.obj)
                0x0000000000012914                bt_df_adv_cte_tx_enable
 .text.mem_init
                0x0000000000012958       0x60 zephyr/subsys/bluetooth/controller/libsubsys__bluetooth__controller.a(mem.c.obj)
                0x0000000000012958                mem_init
 .text.mem_acquire
                0x00000000000129b8       0x34 zephyr/subsys/bluetooth/controller/libsubsys__bluetooth__controller.a(mem.c.obj)
                0x00000000000129b8                mem_acquire
 .text.mem_release
                0x00000000000129ec       0x30 zephyr/subsys/bluetooth/controller/libsubsys__bluetooth__controller.a(mem.c.obj)
                0x00000000000129ec                mem_release
 .text.mem_get  0x0000000000012a1c        0x8 zephyr/subsys/bluetooth/controller/libsubsys__bluetooth__controller.a(mem.c.obj)
                0x0000000000012a1c                mem_get
 .text.mem_index_get
                0x0000000000012a24        0xc zephyr/subsys/bluetooth/controller/libsubsys__bluetooth__controller.a(mem.c.obj)
                0x0000000000012a24                mem_index_get
 .text.mem_rcopy
                0x0000000000012a30       0x1c zephyr/subsys/bluetooth/controller/libsubsys__bluetooth__controller.a(mem.c.obj)
                0x0000000000012a30                mem_rcopy
 .text.mem_nz   0x0000000000012a4c       0x18 zephyr/subsys/bluetooth/controller/libsubsys__bluetooth__controller.a(mem.c.obj)
                0x0000000000012a4c                mem_nz
 .text.memq_init
                0x0000000000012a64        0x8 zephyr/subsys/bluetooth/controller/libsubsys__bluetooth__controller.a(memq.c.obj)
                0x0000000000012a64                memq_init
 .text.memq_deinit
                0x0000000000012a6c       0x14 zephyr/subsys/bluetooth/controller/libsubsys__bluetooth__controller.a(memq.c.obj)
                0x0000000000012a6c                memq_deinit
 .text.memq_enqueue
                0x0000000000012a80       0x14 zephyr/subsys/bluetooth/controller/libsubsys__bluetooth__controller.a(memq.c.obj)
                0x0000000000012a80                memq_enqueue
 .text.memq_peek
                0x0000000000012a94       0x10 zephyr/subsys/bluetooth/controller/libsubsys__bluetooth__controller.a(memq.c.obj)
                0x0000000000012a94                memq_peek
 .text.memq_dequeue
                0x0000000000012aa4       0x20 zephyr/subsys/bluetooth/controller/libsubsys__bluetooth__controller.a(memq.c.obj)
                0x0000000000012aa4                memq_dequeue
 .text.mayfly_init
                0x0000000000012ac4       0x40 zephyr/subsys/bluetooth/controller/libsubsys__bluetooth__controller.a(mayfly.c.obj)
                0x0000000000012ac4                mayfly_init
 .text.mayfly_enable
                0x0000000000012b04       0x64 zephyr/subsys/bluetooth/controller/libsubsys__bluetooth__controller.a(mayfly.c.obj)
                0x0000000000012b04                mayfly_enable
 .text.mayfly_enqueue
                0x0000000000012b68       0xb0 zephyr/subsys/bluetooth/controller/libsubsys__bluetooth__controller.a(mayfly.c.obj)
                0x0000000000012b68                mayfly_enqueue
 .text.mayfly_run
                0x0000000000012c18      0x14c zephyr/subsys/bluetooth/controller/libsubsys__bluetooth__controller.a(mayfly.c.obj)
                0x0000000000012c18                mayfly_run
 .text.dbuf_alloc
                0x0000000000012d64       0x3c zephyr/subsys/bluetooth/controller/libsubsys__bluetooth__controller.a(dbuf.c.obj)
                0x0000000000012d64                dbuf_alloc
 .text.dbuf_latest_get
                0x0000000000012da0       0x30 zephyr/subsys/bluetooth/controller/libsubsys__bluetooth__controller.a(dbuf.c.obj)
                0x0000000000012da0                dbuf_latest_get
 .text.util_ones_count_get
                0x0000000000012dd0       0x28 zephyr/subsys/bluetooth/controller/libsubsys__bluetooth__controller.a(util.c.obj)
                0x0000000000012dd0                util_ones_count_get
 .text.util_aa_le32
                0x0000000000012df8      0x12c zephyr/subsys/bluetooth/controller/libsubsys__bluetooth__controller.a(util.c.obj)
                0x0000000000012df8                util_aa_le32
 .text.ticker_dequeue
                0x0000000000012f24       0x74 zephyr/subsys/bluetooth/controller/libsubsys__bluetooth__controller.a(ticker.c.obj)
 .text.ticks_to_expire_prep
                0x0000000000012f98       0x48 zephyr/subsys/bluetooth/controller/libsubsys__bluetooth__controller.a(ticker.c.obj)
 .text.ticker_job_list_insert
                0x0000000000012fe0      0x208 zephyr/subsys/bluetooth/controller/libsubsys__bluetooth__controller.a(ticker.c.obj)
 .text.ticker_worker
                0x00000000000131e8      0x2e0 zephyr/subsys/bluetooth/controller/libsubsys__bluetooth__controller.a(ticker.c.obj)
                0x00000000000131e8                ticker_worker
 .text.ticker_job
                0x00000000000134c8      0x978 zephyr/subsys/bluetooth/controller/libsubsys__bluetooth__controller.a(ticker.c.obj)
                0x00000000000134c8                ticker_job
 .text.ticker_init
                0x0000000000013e40       0x88 zephyr/subsys/bluetooth/controller/libsubsys__bluetooth__controller.a(ticker.c.obj)
                0x0000000000013e40                ticker_init
 .text.ticker_is_initialized
                0x0000000000013ec8       0x18 zephyr/subsys/bluetooth/controller/libsubsys__bluetooth__controller.a(ticker.c.obj)
                0x0000000000013ec8                ticker_is_initialized
 .text.ticker_trigger
                0x0000000000013ee0       0x30 zephyr/subsys/bluetooth/controller/libsubsys__bluetooth__controller.a(ticker.c.obj)
                0x0000000000013ee0                ticker_trigger
 .text.ticker_start_ext
                0x0000000000013f10       0xac zephyr/subsys/bluetooth/controller/libsubsys__bluetooth__controller.a(ticker.c.obj)
                0x0000000000013f10                ticker_start_ext
 .text.ticker_start
                0x0000000000013fbc       0x38 zephyr/subsys/bluetooth/controller/libsubsys__bluetooth__controller.a(ticker.c.obj)
                0x0000000000013fbc                ticker_start
 .text.ticker_update_ext
                0x0000000000013ff4       0xac zephyr/subsys/bluetooth/controller/libsubsys__bluetooth__controller.a(ticker.c.obj)
                0x0000000000013ff4                ticker_update_ext
 .text.ticker_update
                0x00000000000140a0       0x30 zephyr/subsys/bluetooth/controller/libsubsys__bluetooth__controller.a(ticker.c.obj)
                0x00000000000140a0                ticker_update
 .text.ticker_stop
                0x00000000000140d0       0x84 zephyr/subsys/bluetooth/controller/libsubsys__bluetooth__controller.a(ticker.c.obj)
                0x00000000000140d0                ticker_stop
 .text.ticker_next_slot_get_ext
                0x0000000000014154       0x98 zephyr/subsys/bluetooth/controller/libsubsys__bluetooth__controller.a(ticker.c.obj)
                0x0000000000014154                ticker_next_slot_get_ext
 .text.ticker_next_slot_get
                0x00000000000141ec       0x24 zephyr/subsys/bluetooth/controller/libsubsys__bluetooth__controller.a(ticker.c.obj)
                0x00000000000141ec                ticker_next_slot_get
 .text.ticker_job_sched
                0x0000000000014210       0x30 zephyr/subsys/bluetooth/controller/libsubsys__bluetooth__controller.a(ticker.c.obj)
                0x0000000000014210                ticker_job_sched
 .text.ticker_ticks_now_get
                0x0000000000014240        0x4 zephyr/subsys/bluetooth/controller/libsubsys__bluetooth__controller.a(ticker.c.obj)
                0x0000000000014240                ticker_ticks_now_get
 .text.ticker_ticks_diff_get
                0x0000000000014244        0x8 zephyr/subsys/bluetooth/controller/libsubsys__bluetooth__controller.a(ticker.c.obj)
                0x0000000000014244                ticker_ticks_diff_get
 .text.ll_addr_set
                0x000000000001424c       0x48 zephyr/subsys/bluetooth/controller/libsubsys__bluetooth__controller.a(ll_addr.c.obj)
                0x000000000001424c                ll_addr_set
 .text.ll_addr_get
                0x0000000000014294       0x20 zephyr/subsys/bluetooth/controller/libsubsys__bluetooth__controller.a(ll_addr.c.obj)
                0x0000000000014294                ll_addr_get
 .text.ll_addr_read
                0x00000000000142b4       0x30 zephyr/subsys/bluetooth/controller/libsubsys__bluetooth__controller.a(ll_addr.c.obj)
                0x00000000000142b4                ll_addr_read
 .text.ll_tx_pwr_lvl_get
                0x00000000000142e4       0x48 zephyr/subsys/bluetooth/controller/libsubsys__bluetooth__controller.a(ll_tx_pwr.c.obj)
                0x00000000000142e4                ll_tx_pwr_lvl_get
 .text.ll_tx_pwr_lvl_set
                0x000000000001432c       0x50 zephyr/subsys/bluetooth/controller/libsubsys__bluetooth__controller.a(ll_tx_pwr.c.obj)
                0x000000000001432c                ll_tx_pwr_lvl_set
 .text.ll_tx_pwr_get
                0x000000000001437c       0x14 zephyr/subsys/bluetooth/controller/libsubsys__bluetooth__controller.a(ll_tx_pwr.c.obj)
                0x000000000001437c                ll_tx_pwr_get
 .text.hci_driver_init
                0x0000000000014390       0x10 zephyr/subsys/bluetooth/controller/libsubsys__bluetooth__controller.a(hci_driver.c.obj)
 .text.hci_driver_send
                0x00000000000143a0       0x6c zephyr/subsys/bluetooth/controller/libsubsys__bluetooth__controller.a(hci_driver.c.obj)
 .text.hci_driver_close
                0x000000000001440c       0x20 zephyr/subsys/bluetooth/controller/libsubsys__bluetooth__controller.a(hci_driver.c.obj)
 .text.recv_thread
                0x000000000001442c      0x118 zephyr/subsys/bluetooth/controller/libsubsys__bluetooth__controller.a(hci_driver.c.obj)
 .text.prio_recv_thread
                0x0000000000014544       0xc8 zephyr/subsys/bluetooth/controller/libsubsys__bluetooth__controller.a(hci_driver.c.obj)
 .text.hci_driver_open
                0x000000000001460c       0xa8 zephyr/subsys/bluetooth/controller/libsubsys__bluetooth__controller.a(hci_driver.c.obj)
 .text.hci_recv_fifo_reset
                0x00000000000146b4       0x20 zephyr/subsys/bluetooth/controller/libsubsys__bluetooth__controller.a(hci_driver.c.obj)
                0x00000000000146b4                hci_recv_fifo_reset
 .text.le_remote_feat_complete
                0x00000000000146d4       0x70 zephyr/subsys/bluetooth/controller/libsubsys__bluetooth__controller.a(hci.c.obj)
 .text.ll_adv_cmds_is_ext